#
# There is insufficient memory for the Java Runtime Environment to continue.
# Native memory allocation (malloc) failed to allocate 32744 bytes for ChunkPool::allocate
# Possible reasons:
#   The system is out of physical RAM or swap space
#   The process is running with CompressedOops enabled, and the Java Heap may be blocking the growth of the native heap
# Possible solutions:
#   Reduce memory load on the system
#   Increase physical memory or swap space
#   Check if swap backing store is full
#   Decrease Java heap size (-Xmx/-Xms)
#   Decrease number of Java threads
#   Decrease Java thread stack sizes (-Xss)
#   Set larger code cache with -XX:ReservedCodeCacheSize=
#   JVM is running with Unscaled Compressed Oops mode in which the Java heap is
#     placed in the first 4GB address space. The Java Heap base address is the
#     maximum limit for the native heap growth. Please use -XX:HeapBaseMinAddress
#     to set the Java Heap base and to place the Java Heap above 4GB virtual address.
# This output file may be truncated or incomplete.
#
#  Out of Memory Error (arena.cpp:78), pid=14056, tid=14240
#
# JRE version: OpenJDK Runtime Environment Corretto-17.0.6.10.1 (17.0.6+10) (build 17.0.6+10-LTS)
# Java VM: OpenJDK 64-Bit Server VM Corretto-17.0.6.10.1 (17.0.6+10-LTS, mixed mode, sharing, tiered, compressed oops, compressed class ptrs, g1 gc, windows-amd64)
# No core dump will be written. Minidumps are not enabled by default on client versions of Windows
#

---------------  S U M M A R Y ------------

Command Line: -javaagent:D:\setup\IntelliJ IDEA 2022.3.3\lib\idea_rt.jar=53964:D:\setup\IntelliJ IDEA 2022.3.3\bin -Dfile.encoding=UTF-8 --module-path=C:\Users\HuanTech PC\.m2\repository\org\openjfx\javafx-graphics\17.0.2\javafx-graphics-17.0.2-win.jar;C:\Users\HuanTech PC\.m2\repository\org\apache\commons\commons-collections4\4.4\commons-collections4-4.4.jar;C:\Users\HuanTech PC\.m2\repository\org\apache\pdfbox\pdfbox\2.0.27\pdfbox-2.0.27.jar;C:\Users\HuanTech PC\.m2\repository\org\apache\poi\poi-ooxml\5.2.3\poi-ooxml-5.2.3.jar;C:\Users\HuanTech PC\.m2\repository\org\apache\poi\poi-ooxml-lite\5.2.3\poi-ooxml-lite-5.2.3.jar;C:\Users\HuanTech PC\.m2\repository\commons-codec\commons-codec\1.15\commons-codec-1.15.jar;C:\Users\HuanTech PC\.m2\repository\org\apache\logging\log4j\log4j-api\2.22.0\log4j-api-2.22.0.jar;C:\Users\HuanTech PC\.m2\repository\commons-io\commons-io\2.11.0\commons-io-2.11.0.jar;C:\Users\HuanTech PC\.m2\repository\org\apache\commons\commons-math3\3.6.1\commons-math3-3.6.1.jar;C:\Users\HuanTech PC\.m2\repository\com\zaxxer\SparseBitSet\1.2\SparseBitSet-1.2.jar;C:\Users\HuanTech PC\.m2\repository\org\apache\pdfbox\fontbox\2.0.27\fontbox-2.0.27.jar;C:\Users\HuanTech PC\.m2\repository\org\apache\poi\poi\5.2.3\poi-5.2.3.jar;C:\Users\HuanTech PC\.m2\repository\org\openjfx\javafx-fxml\17.0.2\javafx-fxml-17.0.2-win.jar;C:\Users\HuanTech PC\.m2\repository\org\openjfx\javafx-base\17.0.2\javafx-base-17.0.2-win.jar;C:\Users\HuanTech PC\.m2\repository\com\opencsv\opencsv\5.5.2\opencsv-5.5.2.jar;C:\Users\HuanTech PC\.m2\repository\org\apache\commons\commons-compress\1.21\commons-compress-1.21.jar;C:\Users\HuanTech PC\.m2\repository\org\apache\xmlbeans\xmlbeans\5.1.1\xmlbeans-5.1.1.jar;C:\Users\HuanTech PC\.m2\repository\org\apache\logging\log4j\log4j-core\2.22.0\log4j-core-2.22.0.jar;C:\Users\HuanTech PC\IdeaProjects\TAO_FILE_EXCEL_BKAV\target\classes;C:\Users\HuanTech PC\.m2\repository\org\openjfx\javafx-controls\17.0.2\javafx-controls-17.0.2-win.jar -Djdk.module.main=com.example.convert_toriai_from_pdf_to_excel com.example.convert_toriai_from_pdf_to_excel/com.lenha.createBKAVexcelFile.MainApplication

Host: Intel(R) Pentium(R) Gold G6405 CPU @ 4.10GHz, 4 cores, 7G,  Windows 10 , 64 bit Build 14393 (10.0.14393.7330)
Time: Tue Apr 28 18:08:04 2026 Tokyo Standard Time elapsed time: 75.656666 seconds (0d 0h 1m 15s)

---------------  T H R E A D  ---------------

Current thread (0x000001a36a795be0):  JavaThread "C2 CompilerThread0" daemon [_thread_in_native, id=14240, stack(0x00000050f7a00000,0x00000050f7b00000)]


Current CompileTask:
C2:  75656 5730       4       com.sun.javafx.font.PrismFontStrike::getQuantizedPosition (56 bytes)

Stack: [0x00000050f7a00000,0x00000050f7b00000]
Native frames: (J=compiled Java code, j=interpreted, Vv=VM code, C=native code)
V  [jvm.dll+0x64b39a]
V  [jvm.dll+0x7ff044]
V  [jvm.dll+0x8007fe]
V  [jvm.dll+0x800e53]
V  [jvm.dll+0x235848]
V  [jvm.dll+0xbd088]
V  [jvm.dll+0xbd44c]
V  [jvm.dll+0x116d08]
V  [jvm.dll+0x673838]
V  [jvm.dll+0x1b07cc]
V  [jvm.dll+0x209d8f]
V  [jvm.dll+0x209237]
V  [jvm.dll+0x19926d]
V  [jvm.dll+0x2185dd]
V  [jvm.dll+0x216824]
V  [jvm.dll+0x7b77bb]
V  [jvm.dll+0x7b1d6a]
V  [jvm.dll+0x64a265]
C  [ucrtbase.dll+0x1fb80]
C  [KERNEL32.DLL+0x84d4]
C  [ntdll.dll+0x51a11]


---------------  P R O C E S S  ---------------

Threads class SMR info:
_java_thread_list=0x000001a37317f640, length=22, elements={
0x000001a34cca4120, 0x000001a36a7756d0, 0x000001a36a7771a0, 0x000001a36a78ebb0,
0x000001a36a7908d0, 0x000001a36a792490, 0x000001a36a794e50, 0x000001a36a795be0,
0x000001a36a7f4780, 0x000001a36a80bd20, 0x000001a36a75fa50, 0x000001a36b8599b0,
0x000001a36ba69470, 0x000001a36bca4b50, 0x000001a36bd417d0, 0x000001a36bd68bf0,
0x000001a36bfecb40, 0x000001a36bdb5a10, 0x000001a372e9eba0, 0x000001a372e9e6d0,
0x000001a372e01380, 0x000001a372e01850
}

Java Threads: ( => current thread )
  0x000001a34cca4120 JavaThread "main" [_thread_blocked, id=12380, stack(0x00000050f6d00000,0x00000050f6e00000)]
  0x000001a36a7756d0 JavaThread "Reference Handler" daemon [_thread_blocked, id=10892, stack(0x00000050f7400000,0x00000050f7500000)]
  0x000001a36a7771a0 JavaThread "Finalizer" daemon [_thread_blocked, id=14088, stack(0x00000050f7500000,0x00000050f7600000)]
  0x000001a36a78ebb0 JavaThread "Signal Dispatcher" daemon [_thread_blocked, id=13856, stack(0x00000050f7600000,0x00000050f7700000)]
  0x000001a36a7908d0 JavaThread "Attach Listener" daemon [_thread_blocked, id=12652, stack(0x00000050f7700000,0x00000050f7800000)]
  0x000001a36a792490 JavaThread "Service Thread" daemon [_thread_blocked, id=13356, stack(0x00000050f7800000,0x00000050f7900000)]
  0x000001a36a794e50 JavaThread "Monitor Deflation Thread" daemon [_thread_blocked, id=13400, stack(0x00000050f7900000,0x00000050f7a00000)]
=>0x000001a36a795be0 JavaThread "C2 CompilerThread0" daemon [_thread_in_native, id=14240, stack(0x00000050f7a00000,0x00000050f7b00000)]
  0x000001a36a7f4780 JavaThread "C1 CompilerThread0" daemon [_thread_in_native, id=2600, stack(0x00000050f7b00000,0x00000050f7c00000)]
  0x000001a36a80bd20 JavaThread "Sweeper thread" daemon [_thread_blocked, id=12120, stack(0x00000050f7c00000,0x00000050f7d00000)]
  0x000001a36a75fa50 JavaThread "Common-Cleaner" daemon [_thread_blocked, id=12448, stack(0x00000050f7d00000,0x00000050f7e00000)]
  0x000001a36b8599b0 JavaThread "Monitor Ctrl-Break" daemon [_thread_in_native, id=12992, stack(0x00000050f8100000,0x00000050f8200000)]
  0x000001a36ba69470 JavaThread "Notification Thread" daemon [_thread_blocked, id=11380, stack(0x00000050f8200000,0x00000050f8300000)]
  0x000001a36bca4b50 JavaThread "QuantumRenderer-0" daemon [_thread_blocked, id=11396, stack(0x00000050f8400000,0x00000050f8500000)]
  0x000001a36bd417d0 JavaThread "InvokeLaterDispatcher" daemon [_thread_blocked, id=5800, stack(0x00000050f8800000,0x00000050f8900000)]
  0x000001a36bd68bf0 JavaThread "JavaFX Application Thread" [_thread_in_native, id=7024, stack(0x00000050f8900000,0x00000050f8a00000)]
  0x000001a36bfecb40 JavaThread "JavaFX-Launcher" [_thread_blocked, id=248, stack(0x00000050f8c00000,0x00000050f8d00000)]
  0x000001a36bdb5a10 JavaThread "Thread-2" daemon [_thread_in_native, id=12956, stack(0x00000050f8b00000,0x00000050f8c00000)]
  0x000001a372e9eba0 JavaThread "Prism Font Disposer" daemon [_thread_blocked, id=12424, stack(0x00000050f9700000,0x00000050f9800000)]
  0x000001a372e9e6d0 JavaThread "Cleaner-0" daemon [_thread_blocked, id=848, stack(0x00000050f9800000,0x00000050f9900000)]
  0x000001a372e01380 JavaThread "Java2D Disposer" daemon [_thread_blocked, id=13292, stack(0x00000050fab00000,0x00000050fac00000)]
  0x000001a372e01850 JavaThread "AWT-Windows" daemon [_thread_in_native, id=8488, stack(0x00000050fad00000,0x00000050fae00000)]

Other Threads:
  0x000001a36a76e5a0 VMThread "VM Thread" [stack: 0x00000050f7300000,0x00000050f7400000] [id=5080]
  0x000001a36b75d270 WatcherThread [stack: 0x00000050f8300000,0x00000050f8400000] [id=2904]
  0x000001a34cd00080 GCTaskThread "GC Thread#0" [stack: 0x00000050f6e00000,0x00000050f6f00000] [id=7748]
  0x000001a36b7332b0 GCTaskThread "GC Thread#1" [stack: 0x00000050f7f00000,0x00000050f8000000] [id=12568]
  0x000001a36b8e5ed0 GCTaskThread "GC Thread#2" [stack: 0x00000050f8000000,0x00000050f8100000] [id=10536]
  0x000001a36bde1810 GCTaskThread "GC Thread#3" [stack: 0x00000050f8a00000,0x00000050f8b00000] [id=12260]
  0x000001a34cd10cc0 ConcurrentGCThread "G1 Main Marker" [stack: 0x00000050f6f00000,0x00000050f7000000] [id=14176]
  0x000001a34cd116d0 ConcurrentGCThread "G1 Conc#0" [stack: 0x00000050f7000000,0x00000050f7100000] [id=5692]
  0x000001a34cd65be0 ConcurrentGCThread "G1 Refine#0" [stack: 0x00000050f7100000,0x00000050f7200000] [id=11460]
  0x000001a3730944c0 ConcurrentGCThread "G1 Refine#1" [stack: 0x00000050fa600000,0x00000050fa700000] [id=14288]
  0x000001a373095bc0 ConcurrentGCThread "G1 Refine#2" [stack: 0x00000050fa900000,0x00000050faa00000] [id=12312]
  0x000001a34cd66600 ConcurrentGCThread "G1 Service" [stack: 0x00000050f7200000,0x00000050f7300000] [id=11772]

Threads with active compile tasks:
C2 CompilerThread0    75695 5730       4       com.sun.javafx.font.PrismFontStrike::getQuantizedPosition (56 bytes)
C1 CompilerThread0    75695 5739   !   3       com.sun.prism.impl.shape.DMarlinRasterizer::getMaskData (336 bytes)

VM state: not at safepoint (normal execution)

VM Mutex/Monitor currently owned by a thread: None

Heap address: 0x0000000081800000, size: 2024 MB, Compressed Oops mode: 32-bit

CDS archive(s) mapped at: [0x0000000800000000-0x0000000800bc0000-0x0000000800bc0000), size 12320768, SharedBaseAddress: 0x0000000800000000, ArchiveRelocationMode: 0.
Compressed class space mapped at: 0x0000000800c00000-0x0000000840c00000, reserved size: 1073741824
Narrow klass base: 0x0000000800000000, Narrow klass shift: 0, Narrow klass range: 0x100000000

GC Precious Log:
 CPUs: 4 total, 4 available
 Memory: 8089M
 Large Page Support: Disabled
 NUMA Support: Disabled
 Compressed Oops: Enabled (32-bit)
 Heap Region Size: 1M
 Heap Min Capacity: 8M
 Heap Initial Capacity: 128M
 Heap Max Capacity: 2024M
 Pre-touch: Disabled
 Parallel Workers: 4
 Concurrent Workers: 1
 Concurrent Refinement Workers: 4
 Periodic GC: Disabled

Heap:
 garbage-first heap   total 176128K, used 66937K [0x0000000081800000, 0x0000000100000000)
  region size 1024K, 3 young (3072K), 1 survivors (1024K)
 Metaspace       used 36809K, committed 37120K, reserved 1081344K
  class space    used 4839K, committed 4992K, reserved 1048576K

Heap Regions: E=young(eden), S=young(survivor), O=old, HS=humongous(starts), HC=humongous(continues), CS=collection set, F=free, OA=open archive, CA=closed archive, TAMS=top-at-mark-start (previous, next)
|   0|0x0000000081800000, 0x0000000081900000, 0x0000000081900000|100%|HS|  |TAMS 0x0000000081900000, 0x0000000081800000| Complete 
|   1|0x0000000081900000, 0x0000000081a00000, 0x0000000081a00000|100%|HC|  |TAMS 0x0000000081a00000, 0x0000000081900000| Complete 
|   2|0x0000000081a00000, 0x0000000081b00000, 0x0000000081b00000|100%|HC|  |TAMS 0x0000000081b00000, 0x0000000081a00000| Complete 
|   3|0x0000000081b00000, 0x0000000081c00000, 0x0000000081c00000|100%|HC|  |TAMS 0x0000000081c00000, 0x0000000081b00000| Complete 
|   4|0x0000000081c00000, 0x0000000081d00000, 0x0000000081d00000|100%|HC|  |TAMS 0x0000000081d00000, 0x0000000081c00000| Complete 
|   5|0x0000000081d00000, 0x0000000081e00000, 0x0000000081e00000|100%|HC|  |TAMS 0x0000000081e00000, 0x0000000081d00000| Complete 
|   6|0x0000000081e00000, 0x0000000081f00000, 0x0000000081f00000|100%|HC|  |TAMS 0x0000000081f00000, 0x0000000081e00000| Complete 
|   7|0x0000000081f00000, 0x0000000082000000, 0x0000000082000000|100%|HC|  |TAMS 0x0000000082000000, 0x0000000081f00000| Complete 
|   8|0x0000000082000000, 0x0000000082100000, 0x0000000082100000|100%|HC|  |TAMS 0x0000000082100000, 0x0000000082000000| Complete 
|   9|0x0000000082100000, 0x0000000082200000, 0x0000000082200000|100%|HC|  |TAMS 0x0000000082200000, 0x0000000082100000| Complete 
|  10|0x0000000082200000, 0x0000000082300000, 0x0000000082300000|100%|HC|  |TAMS 0x0000000082300000, 0x0000000082200000| Complete 
|  11|0x0000000082300000, 0x0000000082400000, 0x0000000082400000|100%|HC|  |TAMS 0x0000000082400000, 0x0000000082300000| Complete 
|  12|0x0000000082400000, 0x0000000082500000, 0x0000000082500000|100%|HC|  |TAMS 0x0000000082500000, 0x0000000082400000| Complete 
|  13|0x0000000082500000, 0x0000000082600000, 0x0000000082600000|100%|HC|  |TAMS 0x0000000082600000, 0x0000000082500000| Complete 
|  14|0x0000000082600000, 0x0000000082700000, 0x0000000082700000|100%|HC|  |TAMS 0x0000000082700000, 0x0000000082600000| Complete 
|  15|0x0000000082700000, 0x0000000082800000, 0x0000000082800000|100%|HC|  |TAMS 0x0000000082800000, 0x0000000082700000| Complete 
|  16|0x0000000082800000, 0x0000000082900000, 0x0000000082900000|100%|HC|  |TAMS 0x0000000082900000, 0x0000000082800000| Complete 
|  17|0x0000000082900000, 0x0000000082a00000, 0x0000000082a00000|100%|HC|  |TAMS 0x0000000082a00000, 0x0000000082900000| Complete 
|  18|0x0000000082a00000, 0x0000000082b00000, 0x0000000082b00000|100%|HC|  |TAMS 0x0000000082b00000, 0x0000000082a00000| Complete 
|  19|0x0000000082b00000, 0x0000000082c00000, 0x0000000082c00000|100%|HC|  |TAMS 0x0000000082c00000, 0x0000000082b00000| Complete 
|  20|0x0000000082c00000, 0x0000000082d00000, 0x0000000082d00000|100%|HC|  |TAMS 0x0000000082d00000, 0x0000000082c00000| Complete 
|  21|0x0000000082d00000, 0x0000000082e00000, 0x0000000082e00000|100%|HC|  |TAMS 0x0000000082e00000, 0x0000000082d00000| Complete 
|  22|0x0000000082e00000, 0x0000000082f00000, 0x0000000082f00000|100%|HC|  |TAMS 0x0000000082f00000, 0x0000000082e00000| Complete 
|  23|0x0000000082f00000, 0x0000000083000000, 0x0000000083000000|100%| O|  |TAMS 0x0000000083000000, 0x0000000082f00000| Untracked 
|  24|0x0000000083000000, 0x0000000083100000, 0x0000000083100000|100%| O|  |TAMS 0x0000000083100000, 0x0000000083000000| Untracked 
|  25|0x0000000083100000, 0x0000000083200000, 0x0000000083200000|100%| O|  |TAMS 0x0000000083200000, 0x0000000083100000| Untracked 
|  26|0x0000000083200000, 0x0000000083300000, 0x0000000083300000|100%| O|  |TAMS 0x0000000083300000, 0x0000000083200000| Untracked 
|  27|0x0000000083300000, 0x0000000083400000, 0x0000000083400000|100%| O|  |TAMS 0x0000000083400000, 0x0000000083300000| Untracked 
|  28|0x0000000083400000, 0x0000000083500000, 0x0000000083500000|100%| O|  |TAMS 0x0000000083500000, 0x0000000083400000| Untracked 
|  29|0x0000000083500000, 0x0000000083600000, 0x0000000083600000|100%| O|  |TAMS 0x0000000083600000, 0x0000000083500000| Untracked 
|  30|0x0000000083600000, 0x0000000083700000, 0x0000000083700000|100%| O|  |TAMS 0x0000000083700000, 0x0000000083600000| Untracked 
|  31|0x0000000083700000, 0x0000000083800000, 0x0000000083800000|100%| O|  |TAMS 0x0000000083800000, 0x0000000083700000| Untracked 
|  32|0x0000000083800000, 0x0000000083900000, 0x0000000083900000|100%| O|  |TAMS 0x0000000083900000, 0x0000000083800000| Untracked 
|  33|0x0000000083900000, 0x0000000083a00000, 0x0000000083a00000|100%| O|  |TAMS 0x0000000083a00000, 0x0000000083900000| Untracked 
|  34|0x0000000083a00000, 0x0000000083b00000, 0x0000000083b00000|100%| O|  |TAMS 0x0000000083b00000, 0x0000000083a00000| Untracked 
|  35|0x0000000083b00000, 0x0000000083b00000, 0x0000000083c00000|  0%| F|  |TAMS 0x0000000083b00000, 0x0000000083b00000| Untracked 
|  36|0x0000000083c00000, 0x0000000083c00000, 0x0000000083d00000|  0%| F|  |TAMS 0x0000000083c00000, 0x0000000083c00000| Untracked 
|  37|0x0000000083d00000, 0x0000000083e00000, 0x0000000083e00000|100%| O|  |TAMS 0x0000000083e00000, 0x0000000083d00000| Untracked 
|  38|0x0000000083e00000, 0x0000000083f00000, 0x0000000083f00000|100%| O|  |TAMS 0x0000000083f00000, 0x0000000083e00000| Untracked 
|  39|0x0000000083f00000, 0x0000000084000000, 0x0000000084000000|100%| O|  |TAMS 0x0000000084000000, 0x0000000083f00000| Untracked 
|  40|0x0000000084000000, 0x0000000084100000, 0x0000000084100000|100%| O|  |TAMS 0x0000000084100000, 0x0000000084000000| Untracked 
|  41|0x0000000084100000, 0x0000000084200000, 0x0000000084200000|100%| O|  |TAMS 0x0000000084200000, 0x0000000084100000| Untracked 
|  42|0x0000000084200000, 0x0000000084300000, 0x0000000084300000|100%| O|  |TAMS 0x0000000084300000, 0x0000000084200000| Untracked 
|  43|0x0000000084300000, 0x0000000084400000, 0x0000000084400000|100%| O|  |TAMS 0x0000000084400000, 0x0000000084300000| Untracked 
|  44|0x0000000084400000, 0x0000000084500000, 0x0000000084500000|100%| O|  |TAMS 0x0000000084500000, 0x0000000084400000| Untracked 
|  45|0x0000000084500000, 0x0000000084600000, 0x0000000084600000|100%| O|  |TAMS 0x0000000084600000, 0x0000000084500000| Untracked 
|  46|0x0000000084600000, 0x0000000084700000, 0x0000000084700000|100%|HS|  |TAMS 0x0000000084700000, 0x0000000084600000| Complete 
|  47|0x0000000084700000, 0x0000000084800000, 0x0000000084800000|100%|HC|  |TAMS 0x0000000084800000, 0x0000000084700000| Complete 
|  48|0x0000000084800000, 0x0000000084800000, 0x0000000084900000|  0%| F|  |TAMS 0x0000000084800000, 0x0000000084800000| Untracked 
|  49|0x0000000084900000, 0x0000000084900000, 0x0000000084a00000|  0%| F|  |TAMS 0x0000000084900000, 0x0000000084900000| Untracked 
|  50|0x0000000084a00000, 0x0000000084a00000, 0x0000000084b00000|  0%| F|  |TAMS 0x0000000084a00000, 0x0000000084a00000| Untracked 
|  51|0x0000000084b00000, 0x0000000084b00000, 0x0000000084c00000|  0%| F|  |TAMS 0x0000000084b00000, 0x0000000084b00000| Untracked 
|  52|0x0000000084c00000, 0x0000000084d00000, 0x0000000084d00000|100%| O|  |TAMS 0x0000000084c00000, 0x0000000084c00000| Untracked 
|  53|0x0000000084d00000, 0x0000000084e00000, 0x0000000084e00000|100%| O|  |TAMS 0x0000000084d00000, 0x0000000084d00000| Untracked 
|  54|0x0000000084e00000, 0x0000000084f00000, 0x0000000084f00000|100%| O|  |TAMS 0x0000000084e00000, 0x0000000084e00000| Untracked 
|  55|0x0000000084f00000, 0x0000000084f00000, 0x0000000085000000|  0%| F|  |TAMS 0x0000000084f00000, 0x0000000084f00000| Untracked 
|  56|0x0000000085000000, 0x0000000085000000, 0x0000000085100000|  0%| F|  |TAMS 0x0000000085000000, 0x0000000085000000| Untracked 
|  57|0x0000000085100000, 0x0000000085200000, 0x0000000085200000|100%| O|  |TAMS 0x0000000085200000, 0x0000000085100000| Untracked 
|  58|0x0000000085200000, 0x0000000085300000, 0x0000000085300000|100%| O|  |TAMS 0x0000000085300000, 0x0000000085200000| Untracked 
|  59|0x0000000085300000, 0x0000000085400000, 0x0000000085400000|100%| O|  |TAMS 0x0000000085400000, 0x0000000085300000| Untracked 
|  60|0x0000000085400000, 0x0000000085500000, 0x0000000085500000|100%| O|  |TAMS 0x0000000085500000, 0x0000000085400000| Untracked 
|  61|0x0000000085500000, 0x0000000085600000, 0x0000000085600000|100%| O|  |TAMS 0x0000000085600000, 0x0000000085500000| Untracked 
|  62|0x0000000085600000, 0x0000000085700000, 0x0000000085700000|100%| O|  |TAMS 0x0000000085600000, 0x0000000085600000| Untracked 
|  63|0x0000000085700000, 0x0000000085800000, 0x0000000085800000|100%| O|  |TAMS 0x0000000085700000, 0x0000000085700000| Untracked 
|  64|0x0000000085800000, 0x000000008585e400, 0x0000000085900000| 36%| O|  |TAMS 0x0000000085800000, 0x0000000085800000| Untracked 
|  65|0x0000000085900000, 0x0000000085900000, 0x0000000085a00000|  0%| F|  |TAMS 0x0000000085900000, 0x0000000085900000| Untracked 
|  66|0x0000000085a00000, 0x0000000085a00000, 0x0000000085b00000|  0%| F|  |TAMS 0x0000000085a00000, 0x0000000085a00000| Untracked 
|  67|0x0000000085b00000, 0x0000000085b00000, 0x0000000085c00000|  0%| F|  |TAMS 0x0000000085b00000, 0x0000000085b00000| Untracked 
|  68|0x0000000085c00000, 0x0000000085c00000, 0x0000000085d00000|  0%| F|  |TAMS 0x0000000085c00000, 0x0000000085c00000| Untracked 
|  69|0x0000000085d00000, 0x0000000085d00000, 0x0000000085e00000|  0%| F|  |TAMS 0x0000000085d00000, 0x0000000085d00000| Untracked 
|  70|0x0000000085e00000, 0x0000000085f00000, 0x0000000085f00000|100%| O|  |TAMS 0x0000000085f00000, 0x0000000085e00000| Untracked 
|  71|0x0000000085f00000, 0x0000000086000000, 0x0000000086000000|100%| O|  |TAMS 0x0000000086000000, 0x0000000085f00000| Untracked 
|  72|0x0000000086000000, 0x0000000086100000, 0x0000000086100000|100%| O|  |TAMS 0x00000000860ea200, 0x0000000086000000| Untracked 
|  73|0x0000000086100000, 0x0000000086100000, 0x0000000086200000|  0%| F|  |TAMS 0x0000000086100000, 0x0000000086100000| Untracked 
|  74|0x0000000086200000, 0x0000000086200000, 0x0000000086300000|  0%| F|  |TAMS 0x0000000086200000, 0x0000000086200000| Untracked 
|  75|0x0000000086300000, 0x0000000086300000, 0x0000000086400000|  0%| F|  |TAMS 0x0000000086300000, 0x0000000086300000| Untracked 
|  76|0x0000000086400000, 0x0000000086400000, 0x0000000086500000|  0%| F|  |TAMS 0x0000000086400000, 0x0000000086400000| Untracked 
|  77|0x0000000086500000, 0x0000000086500000, 0x0000000086600000|  0%| F|  |TAMS 0x0000000086500000, 0x0000000086500000| Untracked 
|  78|0x0000000086600000, 0x0000000086600000, 0x0000000086700000|  0%| F|  |TAMS 0x0000000086600000, 0x0000000086600000| Untracked 
|  79|0x0000000086700000, 0x0000000086700000, 0x0000000086800000|  0%| F|  |TAMS 0x0000000086700000, 0x0000000086700000| Untracked 
|  80|0x0000000086800000, 0x0000000086800000, 0x0000000086900000|  0%| F|  |TAMS 0x0000000086800000, 0x0000000086800000| Untracked 
|  81|0x0000000086900000, 0x0000000086900000, 0x0000000086a00000|  0%| F|  |TAMS 0x0000000086900000, 0x0000000086900000| Untracked 
|  82|0x0000000086a00000, 0x0000000086a00000, 0x0000000086b00000|  0%| F|  |TAMS 0x0000000086a00000, 0x0000000086a00000| Untracked 
|  83|0x0000000086b00000, 0x0000000086b00000, 0x0000000086c00000|  0%| F|  |TAMS 0x0000000086b00000, 0x0000000086b00000| Untracked 
|  84|0x0000000086c00000, 0x0000000086c00000, 0x0000000086d00000|  0%| F|  |TAMS 0x0000000086c00000, 0x0000000086c00000| Untracked 
|  85|0x0000000086d00000, 0x0000000086d00000, 0x0000000086e00000|  0%| F|  |TAMS 0x0000000086d00000, 0x0000000086d00000| Untracked 
|  86|0x0000000086e00000, 0x0000000086e00000, 0x0000000086f00000|  0%| F|  |TAMS 0x0000000086e00000, 0x0000000086e00000| Untracked 
|  87|0x0000000086f00000, 0x0000000086f00000, 0x0000000087000000|  0%| F|  |TAMS 0x0000000086f00000, 0x0000000086f00000| Untracked 
|  88|0x0000000087000000, 0x0000000087000000, 0x0000000087100000|  0%| F|  |TAMS 0x0000000087000000, 0x0000000087000000| Untracked 
|  89|0x0000000087100000, 0x0000000087100000, 0x0000000087200000|  0%| F|  |TAMS 0x0000000087100000, 0x0000000087100000| Untracked 
|  90|0x0000000087200000, 0x0000000087200000, 0x0000000087300000|  0%| F|  |TAMS 0x0000000087200000, 0x0000000087200000| Untracked 
|  91|0x0000000087300000, 0x0000000087300000, 0x0000000087400000|  0%| F|  |TAMS 0x0000000087300000, 0x0000000087300000| Untracked 
|  92|0x0000000087400000, 0x0000000087400000, 0x0000000087500000|  0%| F|  |TAMS 0x0000000087400000, 0x0000000087400000| Untracked 
|  93|0x0000000087500000, 0x0000000087500000, 0x0000000087600000|  0%| F|  |TAMS 0x0000000087500000, 0x0000000087500000| Untracked 
|  94|0x0000000087600000, 0x0000000087600000, 0x0000000087700000|  0%| F|  |TAMS 0x0000000087600000, 0x0000000087600000| Untracked 
|  95|0x0000000087700000, 0x0000000087700000, 0x0000000087800000|  0%| F|  |TAMS 0x0000000087700000, 0x0000000087700000| Untracked 
|  96|0x0000000087800000, 0x0000000087800000, 0x0000000087900000|  0%| F|  |TAMS 0x0000000087800000, 0x0000000087800000| Untracked 
|  97|0x0000000087900000, 0x0000000087900000, 0x0000000087a00000|  0%| F|  |TAMS 0x0000000087900000, 0x0000000087900000| Untracked 
|  98|0x0000000087a00000, 0x0000000087a00000, 0x0000000087b00000|  0%| F|  |TAMS 0x0000000087a00000, 0x0000000087a00000| Untracked 
|  99|0x0000000087b00000, 0x0000000087b00000, 0x0000000087c00000|  0%| F|  |TAMS 0x0000000087b00000, 0x0000000087b00000| Untracked 
| 100|0x0000000087c00000, 0x0000000087c00000, 0x0000000087d00000|  0%| F|  |TAMS 0x0000000087c00000, 0x0000000087c00000| Untracked 
| 101|0x0000000087d00000, 0x0000000087d00000, 0x0000000087e00000|  0%| F|  |TAMS 0x0000000087d00000, 0x0000000087d00000| Untracked 
| 102|0x0000000087e00000, 0x0000000087e00000, 0x0000000087f00000|  0%| F|  |TAMS 0x0000000087e00000, 0x0000000087e00000| Untracked 
| 103|0x0000000087f00000, 0x0000000087f00000, 0x0000000088000000|  0%| F|  |TAMS 0x0000000087f00000, 0x0000000087f00000| Untracked 
| 104|0x0000000088000000, 0x0000000088000000, 0x0000000088100000|  0%| F|  |TAMS 0x0000000088000000, 0x0000000088000000| Untracked 
| 105|0x0000000088100000, 0x0000000088100000, 0x0000000088200000|  0%| F|  |TAMS 0x0000000088100000, 0x0000000088100000| Untracked 
| 106|0x0000000088200000, 0x0000000088200000, 0x0000000088300000|  0%| F|  |TAMS 0x0000000088200000, 0x0000000088200000| Untracked 
| 107|0x0000000088300000, 0x0000000088300000, 0x0000000088400000|  0%| F|  |TAMS 0x0000000088300000, 0x0000000088300000| Untracked 
| 108|0x0000000088400000, 0x0000000088400000, 0x0000000088500000|  0%| F|  |TAMS 0x0000000088400000, 0x0000000088400000| Untracked 
| 109|0x0000000088500000, 0x0000000088500000, 0x0000000088600000|  0%| F|  |TAMS 0x0000000088500000, 0x0000000088500000| Untracked 
| 110|0x0000000088600000, 0x0000000088600000, 0x0000000088700000|  0%| F|  |TAMS 0x0000000088600000, 0x0000000088600000| Untracked 
| 111|0x0000000088700000, 0x0000000088700000, 0x0000000088800000|  0%| F|  |TAMS 0x0000000088700000, 0x0000000088700000| Untracked 
| 112|0x0000000088800000, 0x0000000088800000, 0x0000000088900000|  0%| F|  |TAMS 0x0000000088800000, 0x0000000088800000| Untracked 
| 113|0x0000000088900000, 0x0000000088900000, 0x0000000088a00000|  0%| F|  |TAMS 0x0000000088900000, 0x0000000088900000| Untracked 
| 114|0x0000000088a00000, 0x0000000088a00000, 0x0000000088b00000|  0%| F|  |TAMS 0x0000000088a00000, 0x0000000088a00000| Untracked 
| 115|0x0000000088b00000, 0x0000000088b00000, 0x0000000088c00000|  0%| F|  |TAMS 0x0000000088b00000, 0x0000000088b00000| Untracked 
| 116|0x0000000088c00000, 0x0000000088c00000, 0x0000000088d00000|  0%| F|  |TAMS 0x0000000088c00000, 0x0000000088c00000| Untracked 
| 117|0x0000000088d00000, 0x0000000088d00000, 0x0000000088e00000|  0%| F|  |TAMS 0x0000000088d00000, 0x0000000088d00000| Untracked 
| 118|0x0000000088e00000, 0x0000000088e00000, 0x0000000088f00000|  0%| F|  |TAMS 0x0000000088e00000, 0x0000000088e00000| Untracked 
| 119|0x0000000088f00000, 0x0000000088f00000, 0x0000000089000000|  0%| F|  |TAMS 0x0000000088f00000, 0x0000000088f00000| Untracked 
| 120|0x0000000089000000, 0x0000000089000000, 0x0000000089100000|  0%| F|  |TAMS 0x0000000089000000, 0x0000000089000000| Untracked 
| 121|0x0000000089100000, 0x0000000089100000, 0x0000000089200000|  0%| F|  |TAMS 0x0000000089100000, 0x0000000089100000| Untracked 
| 122|0x0000000089200000, 0x0000000089200000, 0x0000000089300000|  0%| F|  |TAMS 0x0000000089200000, 0x0000000089200000| Untracked 
| 123|0x0000000089300000, 0x0000000089300000, 0x0000000089400000|  0%| F|  |TAMS 0x0000000089300000, 0x0000000089300000| Untracked 
| 124|0x0000000089400000, 0x0000000089400000, 0x0000000089500000|  0%| F|  |TAMS 0x0000000089400000, 0x0000000089400000| Untracked 
| 125|0x0000000089500000, 0x0000000089500000, 0x0000000089600000|  0%| F|  |TAMS 0x0000000089500000, 0x0000000089500000| Untracked 
| 126|0x0000000089600000, 0x0000000089600000, 0x0000000089700000|  0%| F|  |TAMS 0x0000000089600000, 0x0000000089600000| Untracked 
| 127|0x0000000089700000, 0x0000000089700000, 0x0000000089800000|  0%| F|  |TAMS 0x0000000089700000, 0x0000000089700000| Untracked 
| 128|0x0000000089800000, 0x0000000089800000, 0x0000000089900000|  0%| F|  |TAMS 0x0000000089800000, 0x0000000089800000| Untracked 
| 129|0x0000000089900000, 0x0000000089900000, 0x0000000089a00000|  0%| F|  |TAMS 0x0000000089900000, 0x0000000089900000| Untracked 
| 130|0x0000000089a00000, 0x0000000089a00000, 0x0000000089b00000|  0%| F|  |TAMS 0x0000000089a00000, 0x0000000089a00000| Untracked 
| 131|0x0000000089b00000, 0x0000000089b00000, 0x0000000089c00000|  0%| F|  |TAMS 0x0000000089b00000, 0x0000000089b00000| Untracked 
| 132|0x0000000089c00000, 0x0000000089c00000, 0x0000000089d00000|  0%| F|  |TAMS 0x0000000089c00000, 0x0000000089c00000| Untracked 
| 133|0x0000000089d00000, 0x0000000089d00000, 0x0000000089e00000|  0%| F|  |TAMS 0x0000000089d00000, 0x0000000089d00000| Untracked 
| 134|0x0000000089e00000, 0x0000000089e00000, 0x0000000089f00000|  0%| F|  |TAMS 0x0000000089e00000, 0x0000000089e00000| Untracked 
| 135|0x0000000089f00000, 0x0000000089f00000, 0x000000008a000000|  0%| F|  |TAMS 0x0000000089f00000, 0x0000000089f00000| Untracked 
| 136|0x000000008a000000, 0x000000008a000000, 0x000000008a100000|  0%| F|  |TAMS 0x000000008a000000, 0x000000008a000000| Untracked 
| 137|0x000000008a100000, 0x000000008a100000, 0x000000008a200000|  0%| F|  |TAMS 0x000000008a100000, 0x000000008a100000| Untracked 
| 138|0x000000008a200000, 0x000000008a200000, 0x000000008a300000|  0%| F|  |TAMS 0x000000008a200000, 0x000000008a200000| Untracked 
| 139|0x000000008a300000, 0x000000008a300000, 0x000000008a400000|  0%| F|  |TAMS 0x000000008a300000, 0x000000008a300000| Untracked 
| 140|0x000000008a400000, 0x000000008a400000, 0x000000008a500000|  0%| F|  |TAMS 0x000000008a400000, 0x000000008a400000| Untracked 
| 141|0x000000008a500000, 0x000000008a500000, 0x000000008a600000|  0%| F|  |TAMS 0x000000008a500000, 0x000000008a500000| Untracked 
| 142|0x000000008a600000, 0x000000008a600000, 0x000000008a700000|  0%| F|  |TAMS 0x000000008a600000, 0x000000008a600000| Untracked 
| 143|0x000000008a700000, 0x000000008a700000, 0x000000008a800000|  0%| F|  |TAMS 0x000000008a700000, 0x000000008a700000| Untracked 
| 144|0x000000008a800000, 0x000000008a800000, 0x000000008a900000|  0%| F|  |TAMS 0x000000008a800000, 0x000000008a800000| Untracked 
| 145|0x000000008a900000, 0x000000008a900000, 0x000000008aa00000|  0%| F|  |TAMS 0x000000008a900000, 0x000000008a900000| Untracked 
| 146|0x000000008aa00000, 0x000000008aa00000, 0x000000008ab00000|  0%| F|  |TAMS 0x000000008aa00000, 0x000000008aa00000| Untracked 
| 147|0x000000008ab00000, 0x000000008ab00000, 0x000000008ac00000|  0%| F|  |TAMS 0x000000008ab00000, 0x000000008ab00000| Untracked 
| 148|0x000000008ac00000, 0x000000008ac00000, 0x000000008ad00000|  0%| F|  |TAMS 0x000000008ac00000, 0x000000008ac00000| Untracked 
| 149|0x000000008ad00000, 0x000000008ad00000, 0x000000008ae00000|  0%| F|  |TAMS 0x000000008ad00000, 0x000000008ad00000| Untracked 
| 150|0x000000008ae00000, 0x000000008ae00000, 0x000000008af00000|  0%| F|  |TAMS 0x000000008ae00000, 0x000000008ae00000| Untracked 
| 151|0x000000008af00000, 0x000000008af00000, 0x000000008b000000|  0%| F|  |TAMS 0x000000008af00000, 0x000000008af00000| Untracked 
| 152|0x000000008b000000, 0x000000008b000000, 0x000000008b100000|  0%| F|  |TAMS 0x000000008b000000, 0x000000008b000000| Untracked 
| 153|0x000000008b100000, 0x000000008b100000, 0x000000008b200000|  0%| F|  |TAMS 0x000000008b100000, 0x000000008b100000| Untracked 
| 154|0x000000008b200000, 0x000000008b200000, 0x000000008b300000|  0%| F|  |TAMS 0x000000008b200000, 0x000000008b200000| Untracked 
| 155|0x000000008b300000, 0x000000008b300000, 0x000000008b400000|  0%| F|  |TAMS 0x000000008b300000, 0x000000008b300000| Untracked 
| 156|0x000000008b400000, 0x000000008b400000, 0x000000008b500000|  0%| F|  |TAMS 0x000000008b400000, 0x000000008b400000| Untracked 
| 157|0x000000008b500000, 0x000000008b500000, 0x000000008b600000|  0%| F|  |TAMS 0x000000008b500000, 0x000000008b500000| Untracked 
| 158|0x000000008b600000, 0x000000008b600000, 0x000000008b700000|  0%| F|  |TAMS 0x000000008b600000, 0x000000008b600000| Untracked 
| 159|0x000000008b700000, 0x000000008b700000, 0x000000008b800000|  0%| F|  |TAMS 0x000000008b700000, 0x000000008b700000| Untracked 
| 160|0x000000008b800000, 0x000000008b800000, 0x000000008b900000|  0%| F|  |TAMS 0x000000008b800000, 0x000000008b800000| Untracked 
| 161|0x000000008b900000, 0x000000008b900000, 0x000000008ba00000|  0%| F|  |TAMS 0x000000008b900000, 0x000000008b900000| Untracked 
| 162|0x000000008ba00000, 0x000000008bb00000, 0x000000008bb00000|100%| S|CS|TAMS 0x000000008ba00000, 0x000000008ba00000| Complete 
| 163|0x000000008bb00000, 0x000000008bb00000, 0x000000008bc00000|  0%| F|  |TAMS 0x000000008bb00000, 0x000000008bb00000| Untracked 
| 164|0x000000008bc00000, 0x000000008bc00000, 0x000000008bd00000|  0%| F|  |TAMS 0x000000008bc00000, 0x000000008bc00000| Untracked 
| 165|0x000000008bd00000, 0x000000008bd00000, 0x000000008be00000|  0%| F|  |TAMS 0x000000008bd00000, 0x000000008bd00000| Untracked 
| 166|0x000000008be00000, 0x000000008bf00000, 0x000000008bf00000|100%| E|  |TAMS 0x000000008be00000, 0x000000008be00000| Complete 
|2019|0x00000000ffb00000, 0x00000000ffc00000, 0x00000000ffc00000|100%| E|CS|TAMS 0x00000000ffb00000, 0x00000000ffb00000| Complete 
|2020|0x00000000ffc00000, 0x00000000ffd00000, 0x00000000ffd00000|100%| O|  |TAMS 0x00000000ffd00000, 0x00000000ffc00000| Untracked 
|2021|0x00000000ffd00000, 0x00000000ffe00000, 0x00000000ffe00000|100%| O|  |TAMS 0x00000000ffe00000, 0x00000000ffd00000| Untracked 
|2022|0x00000000ffe00000, 0x00000000fff00000, 0x00000000fff00000|100%| O|  |TAMS 0x00000000fff00000, 0x00000000ffe00000| Untracked 
|2023|0x00000000fff00000, 0x0000000100000000, 0x0000000100000000|100%| O|  |TAMS 0x0000000100000000, 0x00000000fff00000| Untracked 

Card table byte_map: [0x000001a363ba0000,0x000001a363fa0000] _byte_map_base: 0x000001a363794000

Marking Bits (Prev, Next): (CMBitMap*) 0x000001a34cd00690, (CMBitMap*) 0x000001a34cd006d0
 Prev Bits: [0x000001a3643a0000, 0x000001a366340000)
 Next Bits: [0x000001a366340000, 0x000001a3682e0000)

Polling page: 0x000001a34ac30000

Metaspace:

Usage:
  Non-class:     31.22 MB used.
      Class:      4.73 MB used.
       Both:     35.95 MB used.

Virtual space:
  Non-class space:       32.00 MB reserved,      31.38 MB ( 98%) committed,  4 nodes.
      Class space:        1.00 GB reserved,       4.88 MB ( <1%) committed,  1 nodes.
             Both:        1.03 GB reserved,      36.25 MB (  3%) committed. 

Chunk freelists:
   Non-Class:  292.00 KB
       Class:  3.11 MB
        Both:  3.40 MB

MaxMetaspaceSize: unlimited
CompressedClassSpaceSize: 1.00 GB
Initial GC threshold: 21.00 MB
Current GC threshold: 60.31 MB
CDS: on
MetaspaceReclaimPolicy: balanced
 - commit_granule_bytes: 65536.
 - commit_granule_words: 8192.
 - virtual_space_node_default_size: 1048576.
 - enlarge_chunks_in_place: 1.
 - new_chunks_are_fully_committed: 0.
 - uncommit_free_chunks: 1.
 - use_allocation_guard: 0.
 - handle_deallocations: 1.


Internal statistics:

num_allocs_failed_limit: 12.
num_arena_births: 356.
num_arena_deaths: 4.
num_vsnodes_births: 5.
num_vsnodes_deaths: 0.
num_space_committed: 580.
num_space_uncommitted: 0.
num_chunks_returned_to_freelist: 16.
num_chunks_taken_from_freelist: 1550.
num_chunk_merges: 3.
num_chunk_splits: 1087.
num_chunks_enlarged: 848.
num_purges: 2.
num_inconsistent_stats: 0.

CodeHeap 'non-profiled nmethods': size=120000Kb used=2891Kb max_used=2891Kb free=117108Kb
 bounds [0x000001a35c270000, 0x000001a35c550000, 0x000001a3637a0000]
CodeHeap 'profiled nmethods': size=120000Kb used=11767Kb max_used=11767Kb free=108232Kb
 bounds [0x000001a3547a0000, 0x000001a355320000, 0x000001a35bcd0000]
CodeHeap 'non-nmethods': size=5760Kb used=1538Kb max_used=1605Kb free=4221Kb
 bounds [0x000001a35bcd0000, 0x000001a35bf40000, 0x000001a35c270000]
 total_blobs=6675 nmethods=5735 adapters=851
 compilation: enabled
              stopped_count=0, restarted_count=0
 full_count=0

Compilation events (20 events):
Event: 75.650 Thread 0x000001a36a7f4780 nmethod 5731 0x000001a35531d390 code [0x000001a35531d540, 0x000001a35531d738]
Event: 75.650 Thread 0x000001a36a795be0 nmethod 5728 0x000001a35c540f90 code [0x000001a35c541160, 0x000001a35c5413a8]
Event: 75.650 Thread 0x000001a36a795be0 5729       4       com.sun.javafx.font.directwrite.DWFontStrike::getQuantizedPosition (151 bytes)
Event: 75.651 Thread 0x000001a36a7f4780 5732       1       com.sun.scenario.effect.impl.EffectPeer::setEffect (6 bytes)
Event: 75.651 Thread 0x000001a36a7f4780 nmethod 5732 0x000001a35c541590 code [0x000001a35c541720, 0x000001a35c541838]
Event: 75.651 Thread 0x000001a36a7f4780 5733       1       com.sun.scenario.effect.impl.EffectPeer::setRenderState (6 bytes)
Event: 75.651 Thread 0x000001a36a7f4780 nmethod 5733 0x000001a35c541890 code [0x000001a35c541a20, 0x000001a35c541b38]
Event: 75.651 Thread 0x000001a36a7f4780 5734       1       com.sun.scenario.effect.impl.EffectPeer::setDestBounds (6 bytes)
Event: 75.651 Thread 0x000001a36a7f4780 nmethod 5734 0x000001a35c541b90 code [0x000001a35c541d20, 0x000001a35c541e38]
Event: 75.651 Thread 0x000001a36a7f4780 5735       1       com.sun.scenario.effect.impl.EffectPeer::getDestBounds (5 bytes)
Event: 75.651 Thread 0x000001a36a7f4780 nmethod 5735 0x000001a35c541e90 code [0x000001a35c542020, 0x000001a35c5420f8]
Event: 75.651 Thread 0x000001a36a7f4780 5736       1       com.sun.scenario.effect.impl.prism.PrTexture::getNativeBounds (5 bytes)
Event: 75.651 Thread 0x000001a36a7f4780 nmethod 5736 0x000001a35c542190 code [0x000001a35c542320, 0x000001a35c5423f8]
Event: 75.651 Thread 0x000001a36a7f4780 5737       1       com.sun.scenario.effect.impl.EffectPeer::getFilterContext (5 bytes)
Event: 75.651 Thread 0x000001a36a7f4780 nmethod 5737 0x000001a35c542490 code [0x000001a35c542620, 0x000001a35c5426f8]
Event: 75.651 Thread 0x000001a36a7f4780 5738       3       com.sun.prism.impl.shape.ShapeUtil::rasterizeShape (17 bytes)
Event: 75.651 Thread 0x000001a36a7f4780 nmethod 5738 0x000001a35531d890 code [0x000001a35531da40, 0x000001a35531dba8]
Event: 75.651 Thread 0x000001a36a7f4780 5739   !   3       com.sun.prism.impl.shape.DMarlinRasterizer::getMaskData (336 bytes)
Event: 75.652 Thread 0x000001a36a795be0 nmethod 5729 0x000001a35c542790 code [0x000001a35c542940, 0x000001a35c542b38]
Event: 75.652 Thread 0x000001a36a795be0 5730       4       com.sun.javafx.font.PrismFontStrike::getQuantizedPosition (56 bytes)

GC Heap History (18 events):
Event: 0.281 GC heap before
{Heap before GC invocations=0 (full 0):
 garbage-first heap   total 131072K, used 12288K [0x0000000081800000, 0x0000000100000000)
  region size 1024K, 13 young (13312K), 0 survivors (0K)
 Metaspace       used 518K, committed 704K, reserved 1056768K
  class space    used 30K, committed 128K, reserved 1048576K
}
Event: 0.283 GC heap after
{Heap after GC invocations=1 (full 0):
 garbage-first heap   total 131072K, used 882K [0x0000000081800000, 0x0000000100000000)
  region size 1024K, 1 young (1024K), 1 survivors (1024K)
 Metaspace       used 518K, committed 704K, reserved 1056768K
  class space    used 30K, committed 128K, reserved 1048576K
}
Event: 0.854 GC heap before
{Heap before GC invocations=1 (full 0):
 garbage-first heap   total 131072K, used 20338K [0x0000000081800000, 0x0000000100000000)
  region size 1024K, 20 young (20480K), 1 survivors (1024K)
 Metaspace       used 3631K, committed 3840K, reserved 1056768K
  class space    used 391K, committed 512K, reserved 1048576K
}
Event: 0.857 GC heap after
{Heap after GC invocations=2 (full 0):
 garbage-first heap   total 131072K, used 2389K [0x0000000081800000, 0x0000000100000000)
  region size 1024K, 3 young (3072K), 3 survivors (3072K)
 Metaspace       used 3631K, committed 3840K, reserved 1056768K
  class space    used 391K, committed 512K, reserved 1048576K
}
Event: 11.858 GC heap before
{Heap before GC invocations=2 (full 0):
 garbage-first heap   total 131072K, used 124245K [0x0000000081800000, 0x0000000100000000)
  region size 1024K, 76 young (77824K), 3 survivors (3072K)
 Metaspace       used 21259K, committed 21504K, reserved 1073152K
  class space    used 3030K, committed 3136K, reserved 1048576K
}
Event: 11.871 GC heap after
{Heap after GC invocations=3 (full 0):
 garbage-first heap   total 142336K, used 40003K [0x0000000081800000, 0x0000000100000000)
  region size 1024K, 10 young (10240K), 10 survivors (10240K)
 Metaspace       used 21259K, committed 21504K, reserved 1073152K
  class space    used 3030K, committed 3136K, reserved 1048576K
}
Event: 12.174 GC heap before
{Heap before GC invocations=4 (full 0):
 garbage-first heap   total 140288K, used 55363K [0x0000000081800000, 0x0000000100000000)
  region size 1024K, 25 young (25600K), 10 survivors (10240K)
 Metaspace       used 26715K, committed 27008K, reserved 1073152K
  class space    used 3717K, committed 3840K, reserved 1048576K
}
Event: 12.184 GC heap after
{Heap after GC invocations=5 (full 0):
 garbage-first heap   total 140288K, used 42044K [0x0000000081800000, 0x0000000100000000)
  region size 1024K, 2 young (2048K), 2 survivors (2048K)
 Metaspace       used 26715K, committed 27008K, reserved 1073152K
  class space    used 3717K, committed 3840K, reserved 1048576K
}
Event: 12.230 GC heap before
{Heap before GC invocations=5 (full 0):
 garbage-first heap   total 140288K, used 45116K [0x0000000081800000, 0x0000000100000000)
  region size 1024K, 6 young (6144K), 2 survivors (2048K)
 Metaspace       used 27705K, committed 27968K, reserved 1081344K
  class space    used 3850K, committed 3968K, reserved 1048576K
}
Event: 12.233 GC heap after
{Heap after GC invocations=6 (full 0):
 garbage-first heap   total 140288K, used 42609K [0x0000000081800000, 0x0000000100000000)
  region size 1024K, 1 young (1024K), 1 survivors (1024K)
 Metaspace       used 27705K, committed 27968K, reserved 1081344K
  class space    used 3850K, committed 3968K, reserved 1048576K
}
Event: 12.531 GC heap before
{Heap before GC invocations=6 (full 0):
 garbage-first heap   total 140288K, used 100977K [0x0000000081800000, 0x0000000100000000)
  region size 1024K, 58 young (59392K), 1 survivors (1024K)
 Metaspace       used 31223K, committed 31552K, reserved 1081344K
  class space    used 4276K, committed 4416K, reserved 1048576K
}
Event: 12.534 GC heap after
{Heap after GC invocations=7 (full 0):
 garbage-first heap   total 140288K, used 44833K [0x0000000081800000, 0x0000000100000000)
  region size 1024K, 3 young (3072K), 3 survivors (3072K)
 Metaspace       used 31223K, committed 31552K, reserved 1081344K
  class space    used 4276K, committed 4416K, reserved 1048576K
}
Event: 13.044 GC heap before
{Heap before GC invocations=7 (full 0):
 garbage-first heap   total 140288K, used 107297K [0x0000000081800000, 0x0000000100000000)
  region size 1024K, 63 young (64512K), 3 survivors (3072K)
 Metaspace       used 34622K, committed 34944K, reserved 1081344K
  class space    used 4652K, committed 4800K, reserved 1048576K
}
Event: 13.057 GC heap after
{Heap after GC invocations=8 (full 0):
 garbage-first heap   total 140288K, used 60803K [0x0000000081800000, 0x0000000100000000)
  region size 1024K, 8 young (8192K), 8 survivors (8192K)
 Metaspace       used 34622K, committed 34944K, reserved 1081344K
  class space    used 4652K, committed 4800K, reserved 1048576K
}
Event: 13.365 GC heap before
{Heap before GC invocations=8 (full 0):
 garbage-first heap   total 140288K, used 102787K [0x0000000081800000, 0x0000000100000000)
  region size 1024K, 41 young (41984K), 8 survivors (8192K)
 Metaspace       used 35252K, committed 35584K, reserved 1081344K
  class space    used 4707K, committed 4864K, reserved 1048576K
}
Event: 13.381 GC heap after
{Heap after GC invocations=9 (full 0):
 garbage-first heap   total 176128K, used 71213K [0x0000000081800000, 0x0000000100000000)
  region size 1024K, 6 young (6144K), 6 survivors (6144K)
 Metaspace       used 35252K, committed 35584K, reserved 1081344K
  class space    used 4707K, committed 4864K, reserved 1048576K
}
Event: 14.672 GC heap before
{Heap before GC invocations=9 (full 0):
 garbage-first heap   total 176128K, used 77357K [0x0000000081800000, 0x0000000100000000)
  region size 1024K, 11 young (11264K), 6 survivors (6144K)
 Metaspace       used 35849K, committed 36160K, reserved 1081344K
  class space    used 4755K, committed 4928K, reserved 1048576K
}
Event: 14.677 GC heap after
{Heap after GC invocations=10 (full 0):
 garbage-first heap   total 176128K, used 67961K [0x0000000081800000, 0x0000000100000000)
  region size 1024K, 1 young (1024K), 1 survivors (1024K)
 Metaspace       used 35849K, committed 36160K, reserved 1081344K
  class space    used 4755K, committed 4928K, reserved 1048576K
}

Dll operation events (20 events):
Event: 0.661 Loaded shared library C:\Users\HuanTech PC\.openjfx\cache\17.0.2-ea\api-ms-win-crt-math-l1-1-0.dll
Event: 0.663 Loaded shared library C:\Users\HuanTech PC\.openjfx\cache\17.0.2-ea\api-ms-win-crt-multibyte-l1-1-0.dll
Event: 0.665 Loaded shared library C:\Users\HuanTech PC\.openjfx\cache\17.0.2-ea\api-ms-win-crt-private-l1-1-0.dll
Event: 0.667 Loaded shared library C:\Users\HuanTech PC\.openjfx\cache\17.0.2-ea\api-ms-win-crt-process-l1-1-0.dll
Event: 0.669 Loaded shared library C:\Users\HuanTech PC\.openjfx\cache\17.0.2-ea\api-ms-win-crt-runtime-l1-1-0.dll
Event: 0.671 Loaded shared library C:\Users\HuanTech PC\.openjfx\cache\17.0.2-ea\api-ms-win-crt-stdio-l1-1-0.dll
Event: 0.672 Loaded shared library C:\Users\HuanTech PC\.openjfx\cache\17.0.2-ea\api-ms-win-crt-string-l1-1-0.dll
Event: 0.674 Loaded shared library C:\Users\HuanTech PC\.openjfx\cache\17.0.2-ea\api-ms-win-crt-time-l1-1-0.dll
Event: 0.676 Loaded shared library C:\Users\HuanTech PC\.openjfx\cache\17.0.2-ea\api-ms-win-crt-utility-l1-1-0.dll
Event: 0.691 Loaded shared library C:\Users\HuanTech PC\.openjfx\cache\17.0.2-ea\ucrtbase.dll
Event: 0.694 Loaded shared library C:\Users\HuanTech PC\.openjfx\cache\17.0.2-ea\vcruntime140.dll
Event: 0.696 Loaded shared library C:\Users\HuanTech PC\.openjfx\cache\17.0.2-ea\vcruntime140_1.dll
Event: 0.703 Loaded shared library C:\Users\HuanTech PC\.openjfx\cache\17.0.2-ea\msvcp140.dll
Event: 0.738 Loaded shared library C:\Users\HuanTech PC\.openjfx\cache\17.0.2-ea\prism_d3d.dll
Event: 0.774 Loaded shared library C:\Users\HuanTech PC\.openjfx\cache\17.0.2-ea\glass.dll
Event: 1.223 Loaded shared library D:\setup\.jdks\corretto-17.0.6\bin\jimage.dll
Event: 1.463 Loaded shared library C:\Users\HuanTech PC\.openjfx\cache\17.0.2-ea\javafx_font.dll
Event: 11.894 Loaded shared library D:\setup\.jdks\corretto-17.0.6\bin\management.dll
Event: 11.896 Loaded shared library D:\setup\.jdks\corretto-17.0.6\bin\management_ext.dll
Event: 14.665 Loaded shared library D:\setup\.jdks\corretto-17.0.6\bin\awt.dll

Deoptimization events (20 events):
Event: 13.315 Thread 0x000001a36bd68bf0 DEOPT PACKING pc=0x000001a35524ddc5 sp=0x00000050f89fbfa0
Event: 13.315 Thread 0x000001a36bd68bf0 DEOPT UNPACKING pc=0x000001a35bd27124 sp=0x00000050f89fb4d0 mode 0
Event: 13.352 Thread 0x000001a36bd68bf0 DEOPT PACKING pc=0x000001a3552585b8 sp=0x00000050f89fbf90
Event: 13.352 Thread 0x000001a36bd68bf0 DEOPT UNPACKING pc=0x000001a35bd27124 sp=0x00000050f89fb4c0 mode 0
Event: 13.355 Thread 0x000001a36bd68bf0 DEOPT PACKING pc=0x000001a3552585b8 sp=0x00000050f89fbf90
Event: 13.355 Thread 0x000001a36bd68bf0 DEOPT UNPACKING pc=0x000001a35bd27124 sp=0x00000050f89fb4c0 mode 0
Event: 13.359 Thread 0x000001a36bd68bf0 DEOPT PACKING pc=0x000001a3552585b8 sp=0x00000050f89fbf90
Event: 13.359 Thread 0x000001a36bd68bf0 DEOPT UNPACKING pc=0x000001a35bd27124 sp=0x00000050f89fb4c0 mode 0
Event: 13.363 Thread 0x000001a36bd68bf0 DEOPT PACKING pc=0x000001a3552585b8 sp=0x00000050f89fbf90
Event: 13.363 Thread 0x000001a36bd68bf0 DEOPT UNPACKING pc=0x000001a35bd27124 sp=0x00000050f89fb4c0 mode 0
Event: 13.365 Thread 0x000001a36bd68bf0 DEOPT PACKING pc=0x000001a3552585b8 sp=0x00000050f89fbf90
Event: 13.365 Thread 0x000001a36bd68bf0 DEOPT UNPACKING pc=0x000001a35bd27124 sp=0x00000050f89fb4c0 mode 0
Event: 13.384 Thread 0x000001a36bd68bf0 DEOPT PACKING pc=0x000001a3552585b8 sp=0x00000050f89fbf90
Event: 13.384 Thread 0x000001a36bd68bf0 DEOPT UNPACKING pc=0x000001a35bd27124 sp=0x00000050f89fb4c0 mode 0
Event: 13.392 Thread 0x000001a36bd68bf0 DEOPT PACKING pc=0x000001a3552585b8 sp=0x00000050f89fbe00
Event: 13.392 Thread 0x000001a36bd68bf0 DEOPT UNPACKING pc=0x000001a35bd27124 sp=0x00000050f89fb330 mode 0
Event: 13.412 Thread 0x000001a36bd68bf0 Uncommon trap: trap_request=0xffffff45 fr.pc=0x000001a35c363378 relative=0x0000000000000c18
Event: 13.412 Thread 0x000001a36bd68bf0 Uncommon trap: reason=unstable_if action=reinterpret pc=0x000001a35c363378 method=java.util.WeakHashMap.expungeStaleEntries()V @ 66 c2
Event: 13.412 Thread 0x000001a36bd68bf0 DEOPT PACKING pc=0x000001a35c363378 sp=0x00000050f89fb2b0
Event: 13.412 Thread 0x000001a36bd68bf0 DEOPT UNPACKING pc=0x000001a35bd2699d sp=0x00000050f89fb230 mode 2

Classes unloaded (2 events):
Event: 14.734 Thread 0x000001a36a76e5a0 Unloading class 0x0000000800c04c00 'java/lang/invoke/LambdaForm$DMH+0x0000000800c04c00'
Event: 14.734 Thread 0x000001a36a76e5a0 Unloading class 0x0000000800c04400 'java/lang/invoke/LambdaForm$DMH+0x0000000800c04400'

Classes redefined (0 events):
No events

Internal exceptions (20 events):
Event: 12.087 Thread 0x000001a36bd68bf0 Exception <a 'java/lang/NoSuchMethodError'{0x0000000088b44fa8}: 'void java.lang.invoke.DirectMethodHandle$Holder.invokeVirtual(java.lang.Object, java.lang.Object, java.lang.Object, java.lang.Object)'> (0x0000000088b44fa8) 
thrown [s\src\hotspot\share\interpreter\linkResolver.cpp, line 759]
Event: 12.096 Thread 0x000001a36bd68bf0 Exception <a 'java/lang/NoSuchMethodError'{0x0000000088b7ac10}: 'void java.lang.invoke.DirectMethodHandle$Holder.invokeStatic(java.lang.Object, java.lang.Object, java.lang.Object, int)'> (0x0000000088b7ac10) 
thrown [s\src\hotspot\share\interpreter\linkResolver.cpp, line 759]
Event: 12.098 Thread 0x000001a36bd68bf0 Exception <a 'java/lang/NoSuchMethodError'{0x0000000088b7e620}: 'void java.lang.invoke.DirectMethodHandle$Holder.invokeStaticInit(java.lang.Object, java.lang.Object, java.lang.Object, int)'> (0x0000000088b7e620) 
thrown [s\src\hotspot\share\interpreter\linkResolver.cpp, line 759]
Event: 12.099 Thread 0x000001a36bd68bf0 Exception <a 'sun/nio/fs/WindowsException'{0x0000000088b880c0}> (0x0000000088b880c0) 
thrown [s\src\hotspot\share\prims\jni.cpp, line 516]
Event: 12.117 Thread 0x000001a36bd68bf0 Exception <a 'java/lang/NoSuchMethodError'{0x0000000088a03988}: 'void java.lang.invoke.DirectMethodHandle$Holder.invokeInterface(java.lang.Object, java.lang.Object, java.lang.Object)'> (0x0000000088a03988) 
thrown [s\src\hotspot\share\interpreter\linkResolver.cpp, line 759]
Event: 12.148 Thread 0x000001a36bd68bf0 Exception <a 'java/lang/NoSuchMethodError'{0x00000000889d3210}: 'java.lang.Object java.lang.invoke.DirectMethodHandle$Holder.invokeStaticInit(java.lang.Object, java.lang.Object, java.lang.Object)'> (0x00000000889d3210) 
thrown [s\src\hotspot\share\interpreter\linkResolver.cpp, line 759]
Event: 12.148 Thread 0x000001a36bd68bf0 Exception <a 'java/lang/NoSuchMethodError'{0x00000000889d9848}: 'java.lang.Object java.lang.invoke.DirectMethodHandle$Holder.invokeStatic(java.lang.Object, java.lang.Object, int, int)'> (0x00000000889d9848) 
thrown [s\src\hotspot\share\interpreter\linkResolver.cpp, line 759]
Event: 12.149 Thread 0x000001a36bd68bf0 Exception <a 'java/lang/NoSuchMethodError'{0x00000000889dd568}: 'java.lang.Object java.lang.invoke.DirectMethodHandle$Holder.invokeStaticInit(java.lang.Object, java.lang.Object, int, int)'> (0x00000000889dd568) 
thrown [s\src\hotspot\share\interpreter\linkResolver.cpp, line 759]
Event: 12.470 Thread 0x000001a36bd68bf0 Exception <a 'java/lang/NoSuchMethodError'{0x00000000866ca258}: 'java.lang.Object java.lang.invoke.DirectMethodHandle$Holder.invokeVirtual(java.lang.Object, java.lang.Object, int)'> (0x00000000866ca258) 
thrown [s\src\hotspot\share\interpreter\linkResolver.cpp, line 759]
Event: 12.471 Thread 0x000001a36bd68bf0 Exception <a 'java/lang/NoSuchMethodError'{0x00000000866d1950}: 'void java.lang.invoke.DirectMethodHandle$Holder.invokeVirtual(java.lang.Object, java.lang.Object, int, java.lang.Object)'> (0x00000000866d1950) 
thrown [s\src\hotspot\share\interpreter\linkResolver.cpp, line 759]
Event: 12.471 Thread 0x000001a36bd68bf0 Exception <a 'java/lang/NoSuchMethodError'{0x00000000866dc598}: 'void java.lang.invoke.DirectMethodHandle$Holder.invokeVirtual(java.lang.Object, java.lang.Object, int)'> (0x00000000866dc598) 
thrown [s\src\hotspot\share\interpreter\linkResolver.cpp, line 759]
Event: 12.472 Thread 0x000001a36bd68bf0 Exception <a 'java/lang/NoSuchMethodError'{0x00000000866e35b8}: 'int java.lang.invoke.DirectMethodHandle$Holder.invokeVirtual(java.lang.Object, java.lang.Object)'> (0x00000000866e35b8) 
thrown [s\src\hotspot\share\interpreter\linkResolver.cpp, line 759]
Event: 12.490 Thread 0x000001a36bd68bf0 Exception <a 'sun/nio/fs/WindowsException'{0x0000000086428218}> (0x0000000086428218) 
thrown [s\src\hotspot\share\prims\jni.cpp, line 516]
Event: 12.508 Thread 0x000001a36bd68bf0 Implicit null exception at 0x000001a35c3fb150 to 0x000001a35c3fb23c
Event: 12.513 Thread 0x000001a36bd68bf0 Exception <a 'sun/nio/fs/WindowsException'{0x000000008631d5b8}> (0x000000008631d5b8) 
thrown [s\src\hotspot\share\prims\jni.cpp, line 516]
Event: 12.834 Thread 0x000001a36bd68bf0 Exception <a 'java/lang/NoSuchMethodError'{0x00000000888367b8}: 'java.lang.Object java.lang.invoke.DirectMethodHandle$Holder.newInvokeSpecial(java.lang.Object, java.lang.Object, int, int)'> (0x00000000888367b8) 
thrown [s\src\hotspot\share\interpreter\linkResolver.cpp, line 759]
Event: 13.158 Thread 0x000001a36bd68bf0 Implicit null exception at 0x000001a35c4b0e44 to 0x000001a35c4b13f0
Event: 14.661 Thread 0x000001a36bd68bf0 Exception <a 'java/lang/ClassNotFoundException'{0x000000008bb02700}: sun/awt/resources/spi/awtProvider> (0x000000008bb02700) 
thrown [s\src\hotspot\share\classfile\systemDictionary.cpp, line 256]
Event: 14.666 Thread 0x000001a36bd68bf0 Exception <a 'java/io/FileNotFoundException'{0x000000008bb05ba0}> (0x000000008bb05ba0) 
thrown [s\src\hotspot\share\prims\jni.cpp, line 516]
Event: 14.666 Thread 0x000001a36bd68bf0 Exception <a 'java/io/FileNotFoundException'{0x000000008bb076a8}> (0x000000008bb076a8) 
thrown [s\src\hotspot\share\prims\jni.cpp, line 516]

VM Operations (20 events):
Event: 13.044 Executing VM operation: G1CollectForAllocation
Event: 13.057 Executing VM operation: G1CollectForAllocation done
Event: 13.365 Executing VM operation: G1TryInitiateConcMark
Event: 13.381 Executing VM operation: G1TryInitiateConcMark done
Event: 13.387 Executing VM operation: HandshakeAllThreads
Event: 13.387 Executing VM operation: HandshakeAllThreads done
Event: 14.388 Executing VM operation: Cleanup
Event: 14.388 Executing VM operation: Cleanup done
Event: 14.672 Executing VM operation: CollectForMetadataAllocation
Event: 14.677 Executing VM operation: CollectForMetadataAllocation done
Event: 14.683 Executing VM operation: CollectForMetadataAllocation
Event: 14.683 Executing VM operation: CollectForMetadataAllocation done
Event: 14.688 Executing VM operation: CollectForMetadataAllocation
Event: 14.688 Executing VM operation: CollectForMetadataAllocation done
Event: 14.733 Executing VM operation: G1Concurrent
Event: 14.738 Executing VM operation: G1Concurrent done
Event: 14.767 Executing VM operation: G1Concurrent
Event: 14.767 Executing VM operation: G1Concurrent done
Event: 16.768 Executing VM operation: Cleanup
Event: 16.768 Executing VM operation: Cleanup done

Events (20 events):
Event: 14.701 loading class java/awt/EventQueue$3 done
Event: 14.701 loading class java/awt/Queue
Event: 14.701 loading class java/awt/Queue done
Event: 14.701 loading class sun/awt/MostRecentKeyValue
Event: 14.701 loading class sun/awt/MostRecentKeyValue done
Event: 14.702 loading class sun/awt/PostEventQueue
Event: 14.702 loading class sun/awt/PostEventQueue done
Event: 14.702 loading class java/awt/Desktop$Action
Event: 14.702 loading class java/awt/Desktop$Action done
Event: 14.702 loading class sun/awt/windows/WDesktopPeer$1
Event: 14.702 loading class sun/awt/windows/WDesktopPeer$1 done
Event: 15.700 loading class java/util/IdentityHashMap$ValueIterator
Event: 15.700 loading class java/util/IdentityHashMap$ValueIterator done
Event: 15.700 loading class sun/awt/AppContext$PostShutdownEventRunnable
Event: 15.700 loading class sun/awt/AppContext$PostShutdownEventRunnable done
Event: 15.700 loading class sun/awt/AWTAutoShutdown$1
Event: 15.700 loading class sun/awt/AWTAutoShutdown$1 done
Event: 15.700 Thread 0x000001a372e07d60 Thread exited: 0x000001a372e07d60
Event: 17.057 Thread 0x000001a3717cc8e0 Thread added: 0x000001a3717cc8e0
Event: 18.064 Thread 0x000001a3717cc8e0 Thread exited: 0x000001a3717cc8e0


Dynamic libraries:
0x00007ff606970000 - 0x00007ff60697d000 	D:\setup\.jdks\corretto-17.0.6\bin\java.exe
0x00007ff8fd360000 - 0x00007ff8fd52f000 	C:\Windows\SYSTEM32\ntdll.dll
0x00007ff8facc0000 - 0x00007ff8fad6d000 	C:\Windows\System32\KERNEL32.DLL
0x00007ff8f9810000 - 0x00007ff8f9a2e000 	C:\Windows\System32\KERNELBASE.dll
0x00007ff8fa600000 - 0x00007ff8fa6f4000 	C:\Windows\System32\ucrtbase.dll
0x00007ff887170000 - 0x00007ff887187000 	D:\setup\.jdks\corretto-17.0.6\bin\jli.dll
0x00007ff8867b0000 - 0x00007ff8867c5000 	D:\setup\.jdks\corretto-17.0.6\bin\VCRUNTIME140.dll
0x00007ff8fa960000 - 0x00007ff8faac6000 	C:\Windows\System32\USER32.dll
0x00007ff8f97f0000 - 0x00007ff8f980e000 	C:\Windows\System32\win32u.dll
0x00007ff8fac10000 - 0x00007ff8fac44000 	C:\Windows\System32\GDI32.dll
0x00007ff8f1360000 - 0x00007ff8f15da000 	C:\Windows\WinSxS\amd64_microsoft.windows.common-controls_6595b64144ccf1df_6.0.14393.7330_none_7dde8d868343775b\COMCTL32.dll
0x00007ff8fa110000 - 0x00007ff8fa294000 	C:\Windows\System32\gdi32full.dll
0x00007ff8fb390000 - 0x00007ff8fb42e000 	C:\Windows\System32\msvcrt.dll
0x00007ff8fb0c0000 - 0x00007ff8fb387000 	C:\Windows\System32\combase.dll
0x00007ff8fb430000 - 0x00007ff8fb54b000 	C:\Windows\System32\RPCRT4.dll
0x00007ff8fa560000 - 0x00007ff8fa5cc000 	C:\Windows\System32\bcryptPrimitives.dll
0x00007ff8fab30000 - 0x00007ff8fab5e000 	C:\Windows\System32\IMM32.DLL
0x00007ff886710000 - 0x00007ff8867ab000 	D:\setup\.jdks\corretto-17.0.6\bin\msvcp140.dll
0x00007ff878c50000 - 0x00007ff879868000 	D:\setup\.jdks\corretto-17.0.6\bin\server\jvm.dll
0x00007ff8fbbd0000 - 0x00007ff8fbc77000 	C:\Windows\System32\ADVAPI32.dll
0x00007ff8fb730000 - 0x00007ff8fb78d000 	C:\Windows\System32\sechost.dll
0x00007ff8fa5d0000 - 0x00007ff8fa5fb000 	C:\Windows\System32\bcrypt.dll
0x00007ff8efa60000 - 0x00007ff8efa69000 	C:\Windows\SYSTEM32\WSOCK32.dll
0x00007ff8fac50000 - 0x00007ff8facba000 	C:\Windows\System32\WS2_32.dll
0x00007ff8f77a0000 - 0x00007ff8f77c3000 	C:\Windows\SYSTEM32\WINMM.dll
0x00007ff8f58a0000 - 0x00007ff8f58aa000 	C:\Windows\SYSTEM32\VERSION.dll
0x00007ff8f7770000 - 0x00007ff8f779b000 	C:\Windows\SYSTEM32\WINMMBASE.dll
0x00007ff8fa700000 - 0x00007ff8fa742000 	C:\Windows\System32\cfgmgr32.dll
0x00007ff8f97d0000 - 0x00007ff8f97df000 	C:\Windows\System32\kernel.appcore.dll
0x00007ff8de9b0000 - 0x00007ff8de9ba000 	D:\setup\.jdks\corretto-17.0.6\bin\jimage.dll
0x00007ff8f11c0000 - 0x00007ff8f1352000 	C:\Windows\SYSTEM32\DBGHELP.DLL
0x00007ff8f0c30000 - 0x00007ff8f0c59000 	C:\Windows\SYSTEM32\dbgcore.DLL
0x00007ff8f7560000 - 0x00007ff8f756e000 	D:\setup\.jdks\corretto-17.0.6\bin\instrument.dll
0x00007ff8866e0000 - 0x00007ff886705000 	D:\setup\.jdks\corretto-17.0.6\bin\java.dll
0x00007ff886600000 - 0x00007ff8866d6000 	D:\setup\.jdks\corretto-17.0.6\bin\jsvml.dll
0x00007ff8fbd80000 - 0x00007ff8fd286000 	C:\Windows\System32\SHELL32.dll
0x00007ff8f9a30000 - 0x00007ff8fa103000 	C:\Windows\System32\windows.storage.dll
0x00007ff8f9780000 - 0x00007ff8f97cc000 	C:\Windows\System32\powrprof.dll
0x00007ff8fa900000 - 0x00007ff8fa952000 	C:\Windows\System32\shlwapi.dll
0x00007ff8fa7f0000 - 0x00007ff8fa898000 	C:\Windows\System32\shcore.dll
0x00007ff8f9760000 - 0x00007ff8f9774000 	C:\Windows\System32\profapi.dll
0x00007ff878c30000 - 0x00007ff878c49000 	D:\setup\.jdks\corretto-17.0.6\bin\net.dll
0x00007ff8f0830000 - 0x00007ff8f08fd000 	C:\Windows\SYSTEM32\WINHTTP.dll
0x00007ff8f90b0000 - 0x00007ff8f910d000 	C:\Windows\system32\mswsock.dll
0x00007ff878c10000 - 0x00007ff878c25000 	D:\setup\.jdks\corretto-17.0.6\bin\nio.dll
0x00007ff878bf0000 - 0x00007ff878c08000 	D:\setup\.jdks\corretto-17.0.6\bin\zip.dll
0x00007ff8f23b0000 - 0x00007ff8f23ca000 	D:\setup\IntelliJ IDEA 2022.3.3\bin\breakgen64.dll
0x000001a34cc50000 - 0x000001a34cc53000 	C:\Users\HuanTech PC\.openjfx\cache\17.0.2-ea\api-ms-win-core-console-l1-1-0.dll
0x000001a34cc60000 - 0x000001a34cc63000 	C:\Users\HuanTech PC\.openjfx\cache\17.0.2-ea\api-ms-win-core-console-l1-2-0.dll
0x000001a36a900000 - 0x000001a36a903000 	C:\Users\HuanTech PC\.openjfx\cache\17.0.2-ea\api-ms-win-core-datetime-l1-1-0.dll
0x000001a36a910000 - 0x000001a36a913000 	C:\Users\HuanTech PC\.openjfx\cache\17.0.2-ea\api-ms-win-core-debug-l1-1-0.dll
0x000001a36a920000 - 0x000001a36a923000 	C:\Users\HuanTech PC\.openjfx\cache\17.0.2-ea\api-ms-win-core-errorhandling-l1-1-0.dll
0x000001a36a930000 - 0x000001a36a934000 	C:\Users\HuanTech PC\.openjfx\cache\17.0.2-ea\api-ms-win-core-file-l1-1-0.dll
0x000001a36a940000 - 0x000001a36a943000 	C:\Users\HuanTech PC\.openjfx\cache\17.0.2-ea\api-ms-win-core-file-l1-2-0.dll
0x000001a36a950000 - 0x000001a36a953000 	C:\Users\HuanTech PC\.openjfx\cache\17.0.2-ea\api-ms-win-core-file-l2-1-0.dll
0x000001a36a960000 - 0x000001a36a963000 	C:\Users\HuanTech PC\.openjfx\cache\17.0.2-ea\api-ms-win-core-handle-l1-1-0.dll
0x000001a36a970000 - 0x000001a36a973000 	C:\Users\HuanTech PC\.openjfx\cache\17.0.2-ea\api-ms-win-core-heap-l1-1-0.dll
0x000001a36a980000 - 0x000001a36a983000 	C:\Users\HuanTech PC\.openjfx\cache\17.0.2-ea\api-ms-win-core-interlocked-l1-1-0.dll
0x000001a36a990000 - 0x000001a36a993000 	C:\Users\HuanTech PC\.openjfx\cache\17.0.2-ea\api-ms-win-core-libraryloader-l1-1-0.dll
0x000001a36a9a0000 - 0x000001a36a9a3000 	C:\Users\HuanTech PC\.openjfx\cache\17.0.2-ea\api-ms-win-core-localization-l1-2-0.dll
0x000001a36a9b0000 - 0x000001a36a9b3000 	C:\Users\HuanTech PC\.openjfx\cache\17.0.2-ea\api-ms-win-core-memory-l1-1-0.dll
0x000001a36a9c0000 - 0x000001a36a9c3000 	C:\Users\HuanTech PC\.openjfx\cache\17.0.2-ea\api-ms-win-core-namedpipe-l1-1-0.dll
0x000001a36a9d0000 - 0x000001a36a9d3000 	C:\Users\HuanTech PC\.openjfx\cache\17.0.2-ea\api-ms-win-core-processenvironment-l1-1-0.dll
0x000001a36a9e0000 - 0x000001a36a9e3000 	C:\Users\HuanTech PC\.openjfx\cache\17.0.2-ea\api-ms-win-core-processthreads-l1-1-0.dll
0x000001a36a9f0000 - 0x000001a36a9f3000 	C:\Users\HuanTech PC\.openjfx\cache\17.0.2-ea\api-ms-win-core-processthreads-l1-1-1.dll
0x000001a36aa00000 - 0x000001a36aa03000 	C:\Users\HuanTech PC\.openjfx\cache\17.0.2-ea\api-ms-win-core-profile-l1-1-0.dll
0x000001a36aa10000 - 0x000001a36aa13000 	C:\Users\HuanTech PC\.openjfx\cache\17.0.2-ea\api-ms-win-core-rtlsupport-l1-1-0.dll
0x000001a36aa20000 - 0x000001a36aa23000 	C:\Users\HuanTech PC\.openjfx\cache\17.0.2-ea\api-ms-win-core-string-l1-1-0.dll
0x000001a36aa30000 - 0x000001a36aa33000 	C:\Users\HuanTech PC\.openjfx\cache\17.0.2-ea\api-ms-win-core-synch-l1-1-0.dll
0x000001a36aa40000 - 0x000001a36aa43000 	C:\Users\HuanTech PC\.openjfx\cache\17.0.2-ea\api-ms-win-core-synch-l1-2-0.dll
0x000001a36aa50000 - 0x000001a36aa53000 	C:\Users\HuanTech PC\.openjfx\cache\17.0.2-ea\api-ms-win-core-sysinfo-l1-1-0.dll
0x000001a36aa60000 - 0x000001a36aa63000 	C:\Users\HuanTech PC\.openjfx\cache\17.0.2-ea\api-ms-win-core-timezone-l1-1-0.dll
0x000001a36aa70000 - 0x000001a36aa73000 	C:\Users\HuanTech PC\.openjfx\cache\17.0.2-ea\api-ms-win-core-util-l1-1-0.dll
0x000001a36aa80000 - 0x000001a36aa83000 	C:\Users\HuanTech PC\.openjfx\cache\17.0.2-ea\api-ms-win-crt-conio-l1-1-0.dll
0x000001a36aa90000 - 0x000001a36aa94000 	C:\Users\HuanTech PC\.openjfx\cache\17.0.2-ea\api-ms-win-crt-convert-l1-1-0.dll
0x000001a36aaa0000 - 0x000001a36aaa3000 	C:\Users\HuanTech PC\.openjfx\cache\17.0.2-ea\api-ms-win-crt-environment-l1-1-0.dll
0x000001a36aab0000 - 0x000001a36aab3000 	C:\Users\HuanTech PC\.openjfx\cache\17.0.2-ea\api-ms-win-crt-filesystem-l1-1-0.dll
0x000001a36aac0000 - 0x000001a36aac3000 	C:\Users\HuanTech PC\.openjfx\cache\17.0.2-ea\api-ms-win-crt-heap-l1-1-0.dll
0x000001a36aad0000 - 0x000001a36aad3000 	C:\Users\HuanTech PC\.openjfx\cache\17.0.2-ea\api-ms-win-crt-locale-l1-1-0.dll
0x000001a36aae0000 - 0x000001a36aae5000 	C:\Users\HuanTech PC\.openjfx\cache\17.0.2-ea\api-ms-win-crt-math-l1-1-0.dll
0x000001a36aaf0000 - 0x000001a36aaf5000 	C:\Users\HuanTech PC\.openjfx\cache\17.0.2-ea\api-ms-win-crt-multibyte-l1-1-0.dll
0x000001a36ab00000 - 0x000001a36ab10000 	C:\Users\HuanTech PC\.openjfx\cache\17.0.2-ea\api-ms-win-crt-private-l1-1-0.dll
0x000001a36ab10000 - 0x000001a36ab13000 	C:\Users\HuanTech PC\.openjfx\cache\17.0.2-ea\api-ms-win-crt-process-l1-1-0.dll
0x000001a36ab20000 - 0x000001a36ab24000 	C:\Users\HuanTech PC\.openjfx\cache\17.0.2-ea\api-ms-win-crt-runtime-l1-1-0.dll
0x000001a36ab30000 - 0x000001a36ab34000 	C:\Users\HuanTech PC\.openjfx\cache\17.0.2-ea\api-ms-win-crt-stdio-l1-1-0.dll
0x000001a36ab40000 - 0x000001a36ab44000 	C:\Users\HuanTech PC\.openjfx\cache\17.0.2-ea\api-ms-win-crt-string-l1-1-0.dll
0x000001a36ab50000 - 0x000001a36ab53000 	C:\Users\HuanTech PC\.openjfx\cache\17.0.2-ea\api-ms-win-crt-time-l1-1-0.dll
0x000001a36ab60000 - 0x000001a36ab63000 	C:\Users\HuanTech PC\.openjfx\cache\17.0.2-ea\api-ms-win-crt-utility-l1-1-0.dll
0x00007ff8e0490000 - 0x00007ff8e058c000 	C:\Users\HuanTech PC\.openjfx\cache\17.0.2-ea\ucrtbase.dll
0x00007ff8f2390000 - 0x00007ff8f23aa000 	C:\Users\HuanTech PC\.openjfx\cache\17.0.2-ea\vcruntime140.dll
0x00007ff8f5e50000 - 0x00007ff8f5e5c000 	C:\Users\HuanTech PC\.openjfx\cache\17.0.2-ea\vcruntime140_1.dll
0x00007ff8e6920000 - 0x00007ff8e69ad000 	C:\Users\HuanTech PC\.openjfx\cache\17.0.2-ea\msvcp140.dll
0x00007ff8f2360000 - 0x00007ff8f238a000 	C:\Users\HuanTech PC\.openjfx\cache\17.0.2-ea\prism_d3d.dll
0x00007ff8d3460000 - 0x00007ff8d35ed000 	C:\Windows\system32\d3d9.dll
0x00007ff8f72f0000 - 0x00007ff8f7316000 	C:\Windows\SYSTEM32\dwmapi.dll
0x00007ff8f7f90000 - 0x00007ff8f8025000 	C:\Windows\system32\uxtheme.dll
0x00007ff8f51f0000 - 0x00007ff8f52da000 	C:\Windows\System32\DriverStore\FileRepository\nv_dispi.inf_amd64_c791f781cd94491f\nvldumdx.dll
0x00007ff8fa2a0000 - 0x00007ff8fa4ad000 	C:\Windows\System32\crypt32.dll
0x00007ff8f97e0000 - 0x00007ff8f97f0000 	C:\Windows\System32\MSASN1.dll
0x00007ff8fa8a0000 - 0x00007ff8fa8f5000 	C:\Windows\System32\WINTRUST.DLL
0x00007ff8fb710000 - 0x00007ff8fb72c000 	C:\Windows\System32\imagehlp.dll
0x00007ff8f9270000 - 0x00007ff8f9287000 	C:\Windows\SYSTEM32\CRYPTSP.dll
0x00007ff8f8c20000 - 0x00007ff8f8c53000 	C:\Windows\system32\rsaenh.dll
0x00007ff8f9260000 - 0x00007ff8f926b000 	C:\Windows\SYSTEM32\CRYPTBASE.dll
0x00007ff8a10c0000 - 0x00007ff8a2296000 	C:\Windows\System32\DriverStore\FileRepository\nv_dispi.inf_amd64_c791f781cd94491f\nvd3dumx.dll
0x00007ff8f2060000 - 0x00007ff8f20a2000 	C:\Users\HuanTech PC\.openjfx\cache\17.0.2-ea\glass.dll
0x00007ff8fbc80000 - 0x00007ff8fbd7a000 	C:\Windows\System32\COMDLG32.dll
0x00007ff8faf80000 - 0x00007ff8fb0ba000 	C:\Windows\System32\ole32.dll
0x00007ff8fd290000 - 0x00007ff8fd350000 	C:\Windows\System32\OLEAUT32.dll
0x00007ff8fa750000 - 0x00007ff8fa7ec000 	C:\Windows\System32\msvcp_win.dll
0x00007ff8fb550000 - 0x00007ff8fb6ab000 	C:\Windows\System32\MSCTF.dll
0x00007ff8e5470000 - 0x00007ff8e549b000 	C:\Program Files (x86)\UltraViewer\uvh64.dll
0x00007ff8f1d60000 - 0x00007ff8f1e4b000 	C:\Program Files (x86)\NVIDIA Corporation\3D Vision\nvSCPAPI64.dll
0x00007ff8fb790000 - 0x00007ff8fbbb9000 	C:\Windows\System32\SETUPAPI.dll
0x00007ff8fd350000 - 0x00007ff8fd358000 	C:\Windows\System32\PSAPI.DLL
0x00007ff8f1d40000 - 0x00007ff8f1d54000 	C:\Users\HuanTech PC\.openjfx\cache\17.0.2-ea\javafx_font.dll
0x00007ff8e9b60000 - 0x00007ff8e9dc9000 	C:\Windows\SYSTEM32\dwrite.dll
0x00007ff8fab60000 - 0x00007ff8fabff000 	C:\Windows\System32\clbcatq.dll
0x00007ff8f7cf0000 - 0x00007ff8f7e98000 	C:\Windows\SYSTEM32\WindowsCodecs.dll
0x00007ff8e3ef0000 - 0x00007ff8e3f39000 	C:\Windows\system32\dataexchange.dll
0x00007ff8f54d0000 - 0x00007ff8f5786000 	C:\Windows\system32\d3d11.dll
0x00007ff8f7190000 - 0x00007ff8f72e1000 	C:\Windows\system32\dcomp.dll
0x00007ff8f8780000 - 0x00007ff8f881f000 	C:\Windows\system32\dxgi.dll
0x00007ff8f8260000 - 0x00007ff8f8373000 	C:\Windows\system32\twinapi.appcore.dll
0x00007ff8ecff0000 - 0x00007ff8ed022000 	C:\Program Files\Common Files\Microsoft Shared\Ink\rtscom.dll
0x00007ff8f6920000 - 0x00007ff8f6aa5000 	C:\Windows\system32\propsys.dll
0x00007ff8efca0000 - 0x00007ff8efd38000 	C:\Program Files\Common Files\microsoft shared\ink\tiptsf.dll
0x00007ff8ef9c0000 - 0x00007ff8efa02000 	C:\Windows\SYSTEM32\edputil.dll

dbghelp: loaded successfully - version: 4.0.5 - missing functions: none
symbol engine: initialized successfully - sym options: 0x614 - pdb path: .;D:\setup\.jdks\corretto-17.0.6\bin;C:\Windows\SYSTEM32;C:\Windows\WinSxS\amd64_microsoft.windows.common-controls_6595b64144ccf1df_6.0.14393.7330_none_7dde8d868343775b;D:\setup\.jdks\corretto-17.0.6\bin\server;D:\setup\IntelliJ IDEA 2022.3.3\bin;C:\Users\HuanTech PC\.openjfx\cache\17.0.2-ea;C:\Windows\System32\DriverStore\FileRepository\nv_dispi.inf_amd64_c791f781cd94491f;C:\Program Files (x86)\UltraViewer;C:\Program Files (x86)\NVIDIA Corporation\3D Vision;C:\Program Files\Common Files\Microsoft Shared\Ink;C:\Windows\WinSxS\amd64_microsoft.windows.gdiplus_6595b64144ccf1df_1.1.14393.7693_none_aecf3d63ddd0d709;C:\Program Files\Common Files\Autodesk Shared;C:\Program Files\Common Files\Microsoft Shared\OFFICE16

VM Arguments:
jvm_args: -javaagent:D:\setup\IntelliJ IDEA 2022.3.3\lib\idea_rt.jar=53964:D:\setup\IntelliJ IDEA 2022.3.3\bin -Dfile.encoding=UTF-8 --module-path=C:\Users\HuanTech PC\.m2\repository\org\openjfx\javafx-graphics\17.0.2\javafx-graphics-17.0.2-win.jar;C:\Users\HuanTech PC\.m2\repository\org\apache\commons\commons-collections4\4.4\commons-collections4-4.4.jar;C:\Users\HuanTech PC\.m2\repository\org\apache\pdfbox\pdfbox\2.0.27\pdfbox-2.0.27.jar;C:\Users\HuanTech PC\.m2\repository\org\apache\poi\poi-ooxml\5.2.3\poi-ooxml-5.2.3.jar;C:\Users\HuanTech PC\.m2\repository\org\apache\poi\poi-ooxml-lite\5.2.3\poi-ooxml-lite-5.2.3.jar;C:\Users\HuanTech PC\.m2\repository\commons-codec\commons-codec\1.15\commons-codec-1.15.jar;C:\Users\HuanTech PC\.m2\repository\org\apache\logging\log4j\log4j-api\2.22.0\log4j-api-2.22.0.jar;C:\Users\HuanTech PC\.m2\repository\commons-io\commons-io\2.11.0\commons-io-2.11.0.jar;C:\Users\HuanTech PC\.m2\repository\org\apache\commons\commons-math3\3.6.1\commons-math3-3.6.1.jar;C:\Users\HuanTech PC\.m2\repository\com\zaxxer\SparseBitSet\1.2\SparseBitSet-1.2.jar;C:\Users\HuanTech PC\.m2\repository\org\apache\pdfbox\fontbox\2.0.27\fontbox-2.0.27.jar;C:\Users\HuanTech PC\.m2\repository\org\apache\poi\poi\5.2.3\poi-5.2.3.jar;C:\Users\HuanTech PC\.m2\repository\org\openjfx\javafx-fxml\17.0.2\javafx-fxml-17.0.2-win.jar;C:\Users\HuanTech PC\.m2\repository\org\openjfx\javafx-base\17.0.2\javafx-base-17.0.2-win.jar;C:\Users\HuanTech PC\.m2\repository\com\opencsv\opencsv\5.5.2\opencsv-5.5.2.jar;C:\Users\HuanTech PC\.m2\repository\org\apache\commons\commons-compress\1.21\commons-compress-1.21.jar;C:\Users\HuanTech PC\.m2\repository\org\apache\xmlbeans\xmlbeans\5.1.1\xmlbeans-5.1.1.jar;C:\Users\HuanTech PC\.m2\repository\org\apache\logging\log4j\log4j-core\2.22.0\log4j-core-2.22.0.jar;C:\Users\HuanTech PC\IdeaProjects\TAO_FILE_EXCEL_BKAV\target\classes;C:\Users\HuanTech PC\.m2\repository\org\openjfx\javafx-controls\17.0.2\javafx-controls-17.0.2-win.jar -Djdk.module.main=com.example.convert_toriai_from_pdf_to_excel 
java_command: com.example.convert_toriai_from_pdf_to_excel/com.lenha.createBKAVexcelFile.MainApplication
java_class_path (initial): C:\Users\HuanTech PC\.m2\repository\org\openjfx\javafx-controls\17.0.2\javafx-controls-17.0.2.jar;C:\Users\HuanTech PC\.m2\repository\org\openjfx\javafx-graphics\17.0.2\javafx-graphics-17.0.2.jar;C:\Users\HuanTech PC\.m2\repository\org\openjfx\javafx-base\17.0.2\javafx-base-17.0.2.jar;C:\Users\HuanTech PC\.m2\repository\org\openjfx\javafx-fxml\17.0.2\javafx-fxml-17.0.2.jar;C:\Users\HuanTech PC\.m2\repository\commons-logging\commons-logging\1.2\commons-logging-1.2.jar;C:\Users\HuanTech PC\.m2\repository\com\github\virtuald\curvesapi\1.07\curvesapi-1.07.jar;C:\Users\HuanTech PC\.m2\repository\org\apache\commons\commons-text\1.9\commons-text-1.9.jar;C:\Users\HuanTech PC\.m2\repository\commons-beanutils\commons-beanutils\1.9.4\commons-beanutils-1.9.4.jar;C:\Users\HuanTech PC\.m2\repository\commons-collections\commons-collections\3.2.2\commons-collections-3.2.2.jar;C:\Users\HuanTech PC\.m2\repository\org\apache\commons\commons-lang3\3.9\commons-lang3-3.9.jar
Launcher Type: SUN_STANDARD

[Global flags]
     intx CICompilerCount                          = 3                                         {product} {ergonomic}
     uint ConcGCThreads                            = 1                                         {product} {ergonomic}
     uint G1ConcRefinementThreads                  = 4                                         {product} {ergonomic}
   size_t G1HeapRegionSize                         = 1048576                                   {product} {ergonomic}
    uintx GCDrainStackTargetSize                   = 64                                        {product} {ergonomic}
   size_t InitialHeapSize                          = 134217728                                 {product} {ergonomic}
   size_t MarkStackSize                            = 4194304                                   {product} {ergonomic}
   size_t MaxHeapSize                              = 2122317824                                {product} {ergonomic}
   size_t MaxNewSize                               = 1272971264                                {product} {ergonomic}
   size_t MinHeapDeltaBytes                        = 1048576                                   {product} {ergonomic}
   size_t MinHeapSize                              = 8388608                                   {product} {ergonomic}
    uintx NonNMethodCodeHeapSize                   = 5832780                                {pd product} {ergonomic}
    uintx NonProfiledCodeHeapSize                  = 122912730                              {pd product} {ergonomic}
    uintx ProfiledCodeHeapSize                     = 122912730                              {pd product} {ergonomic}
    uintx ReservedCodeCacheSize                    = 251658240                              {pd product} {ergonomic}
     bool SegmentedCodeCache                       = true                                      {product} {ergonomic}
   size_t SoftMaxHeapSize                          = 2122317824                             {manageable} {ergonomic}
     bool UseCompressedClassPointers               = true                           {product lp64_product} {ergonomic}
     bool UseCompressedOops                        = true                           {product lp64_product} {ergonomic}
     bool UseG1GC                                  = true                                      {product} {ergonomic}
     bool UseLargePagesIndividualAllocation        = false                                  {pd product} {ergonomic}

Logging:
Log output configuration:
 #0: stdout all=warning uptime,level,tags
 #1: stderr all=off uptime,level,tags

Environment Variables:
PATH=C:\Program Files\Common Files\Oracle\Java\javapath;C:\Windows\system32;C:\Windows;C:\Windows\System32\Wbem;C:\Windows\System32\WindowsPowerShell\v1.0\;C:\Program Files (x86)\PostgreSQL\9.6\bin;C:\Program Files (x86)\Microsoft SQL Server\160\Tools\Binn\;C:\Program Files\Microsoft SQL Server\160\Tools\Binn\;C:\Program Files\Microsoft SQL Server\Client SDK\ODBC\170\Tools\Binn\;C:\Program Files\Microsoft SQL Server\160\DTS\Binn\;C:\Program Files\Git\cmd;C:\Program Files (x86)\NVIDIA Corporation\PhysX\Common;C:\Program Files\Cloudflare\Cloudflare WARP\;C:\Users\HuanTech PC\AppData\Local\Microsoft\WindowsApps;C:\Program Files\Azure Data Studio\bin;D:\setup\IntelliJ IDEA 2022.3.3\bin;;C:\Program Files (x86)\WiX Toolset v3.14\bin;C:\Program Files\Java\jdk-17\bin;$jdkPath\bin;C:\Program Files (x86)\PostgreSQL\9.6\bin
USERNAME=HuanTech PC
OS=Windows_NT
PROCESSOR_IDENTIFIER=Intel64 Family 6 Model 165 Stepping 3, GenuineIntel
TMP=C:\Users\HUANTE~1\AppData\Local\Temp
TEMP=C:\Users\HUANTE~1\AppData\Local\Temp



---------------  S Y S T E M  ---------------

OS:
 Windows 10 , 64 bit Build 14393 (10.0.14393.7330)
OS uptime: 0 days 8:05 hours

CPU: total 4 (initial active 4) (2 cores per cpu, 2 threads per core) family 6 model 165 stepping 3 microcode 0xea, cx8, cmov, fxsr, ht, mmx, 3dnowpref, sse, sse2, sse3, ssse3, sse4.1, sse4.2, popcnt, lzcnt, tsc, tscinvbit, aes, erms, clmul, clflush, clflushopt

Memory: 4k page, system-wide physical 8089M (619M free)
TotalPageFile size 13464M (AvailPageFile size 5M)
current process WorkingSet (physical memory assigned to process): 298M, peak: 321M
current process commit charge ("private bytes"): 353M, peak: 380M

vm_info: OpenJDK 64-Bit Server VM (17.0.6+10-LTS) for windows-amd64 JRE (17.0.6+10-LTS), built on Jan 13 2023 22:57:04 by "Administrator" with MS VC++ 15.9 (VS2017)

END.
